"cd-rfile"
"Time Step" "cd etc.."
("Time Step" "cd" "flow-time")
0 2.766960540211561e-28 0
1 0.2157319004382198 0.0005
2 0.1576200149498137 0.001
3 0.1451453887645633 0.0015
4 0.1356824004962563 0.002
5 0.1289842999408323 0.0025
6 0.1243877075666836 0.003
7 0.1208756300066358 0.0035
8 0.1183310474452991 0.004
9 0.1160721963744094 0.004500000000000001
10 0.1141454776683105 0.005
11 0.1124451484939983 0.0055
12 0.1107354607199608 0.006
13 0.1090948975296614 0.006500000000000001
14 0.1073122747423345 0.007
15 0.1054405786200011 0.0075
16 0.1037513539208851 0.008
17 0.1022311836060793 0.008500000000000001
18 0.1009469274242019 0.009000000000000001
19 0.09988628716863675 0.0095
20 0.09895580255111756 0.01
21 0.09842818567539624 0.0105
22 0.09793674839627772 0.011
23 0.09725795364463387 0.0115
24 0.09679847372046953 0.012
25 0.09640058135755958 0.0125
26 0.09630428389573181 0.013
27 0.09552213382552076 0.0135
28 0.09508432490825851 0.014
29 0.09459417067527653 0.0145
30 0.09420678870358011 0.015
31 0.09371727263754104 0.0155
32 0.09284835434035418 0.016
33 0.09257159207769967 0.0165
34 0.09236327995834485 0.017
35 0.09199653295590464 0.0175
36 0.09153167907082696 0.018
37 0.090914400937565 0.0185
38 0.09043211030452794 0.019
39 0.09010451513504557 0.0195
40 0.08963849153923341 0.02
41 0.08969678247748938 0.0205
42 0.0889851900573753 0.021
43 0.08853462082586937 0.0215
44 0.08816117693898673 0.022
45 0.08774107796051388 0.0225
46 0.08748055195407695 0.023
47 0.08717728674169263 0.0235
48 0.08668757551733103 0.024
49 0.08626527347699006 0.0245
50 0.08587130583505466 0.025
51 0.08555847213620831 0.0255
52 0.08523371860839553 0.026
53 0.08488036844980112 0.0265
54 0.08450196108177639 0.027
55 0.08414537360031439 0.0275
56 0.08382226297963746 0.028
57 0.08349140673030696 0.0285
58 0.08313828975650592 0.029
59 0.08277302805721265 0.0295
60 0.08242838656177971 0.03
61 0.08211614880679112 0.0305
62 0.08179900582194465 0.031
63 0.0814563077684327 0.0315
64 0.08109128906885643 0.032
65 0.08071514707043866 0.0325
66 0.08033531864683452 0.033
67 0.07994137774516613 0.0335
68 0.07952802284948959 0.034
69 0.07907441654238169 0.0345
70 0.07865739383782439 0.035
71 0.07821277241986249 0.0355
72 0.07776192267131195 0.036
73 0.07729024203651119 0.0365
74 0.07681105532503132 0.037
75 0.0763328044273229 0.0375
76 0.07586726606823532 0.038
77 0.07541274023081233 0.0385
78 0.07496100972546454 0.039
79 0.07450392176140237 0.0395
80 0.07402819483554923 0.04
81 0.07352874451692108 0.0405
82 0.07300502989587969 0.041
83 0.07246001405985716 0.0415
84 0.07190328292141675 0.042
85 0.07135152037143312 0.0425
86 0.07081970486521139 0.043
87 0.0703203053810323 0.0435
88 0.06986010182213816 0.044
89 0.06943501807178346 0.0445
90 0.06903002094589523 0.045
91 0.06862841631897353 0.0455
92 0.06821401645190479 0.046
93 0.06777602664140184 0.0465
94 0.06732753531531425 0.047
95 0.0668674034767736 0.0475
96 0.06640475715180624 0.048
97 0.06595456753338801 0.0485
98 0.06552582926340708 0.049
99 0.06511587029037198 0.0495
100 0.06472349991099968 0.05
101 0.06434645220459369 0.0505
102 0.06397675744410543 0.051
103 0.06360408420550515 0.0515
104 0.0632216539612265 0.052
105 0.06282390569449216 0.0525
106 0.06242108094957039 0.053
107 0.06201519111926639 0.0535
108 0.06161533309850602 0.054
109 0.06123663756971816 0.0545
110 0.06088250665466592 0.055
111 0.06055196220566599 0.0555
112 0.06027826331899145 0.056
113 0.06003485925343345 0.0565
114 0.05983031083717308 0.057
115 0.05964692205273562 0.0575
116 0.0594672333811287 0.058
117 0.05929331317330484 0.0585
118 0.05905909013185073 0.059
119 0.05877820833798839 0.0595
120 0.05843560647723044 0.06
121 0.05804165415043527 0.0605
122 0.05761707617034063 0.061
123 0.05718111459219075 0.0615
124 0.05676703756587361 0.062
125 0.05641598659441953 0.0625
126 0.0561796438780281 0.063
127 0.05603363434639263 0.0635
128 0.05598889365348583 0.064
129 0.05602429258739568 0.0645
130 0.05605912778612928 0.065
131 0.05603610521613014 0.0655
132 0.05590474706890249 0.066
133 0.0556200751309512 0.0665
134 0.0552519801005838 0.067
135 0.05463809517677851 0.0675
136 0.05411388997940151 0.068
137 0.05356520802413092 0.06850000000000001
138 0.05307384590125849 0.06900000000000001
139 0.05273100023896299 0.06950000000000001
140 0.05267925370699849 0.07000000000000001
141 0.05278605152828116 0.07050000000000001
142 0.05313210913911814 0.07100000000000001
143 0.05364572481546169 0.07150000000000001
144 0.05387064692318725 0.07200000000000001
145 0.05399882150197788 0.0725
146 0.05390829433161137 0.073
147 0.05353335300966527 0.0735
148 0.05279170279525506 0.074
149 0.05190307736846002 0.0745
150 0.05100395973337155 0.075
151 0.05026080259127404 0.0755
152 0.04986614915600367 0.076
153 0.04971201407952373 0.0765
154 0.04986269509964259 0.077
155 0.05010038138804482 0.0775
156 0.05041089854502784 0.078
157 0.0506278681324365 0.0785
158 0.05073276879810352 0.079
159 0.05067974846728064 0.0795
160 0.05052224667670827 0.08
161 0.05018537196470555 0.0805
162 0.0498768038293457 0.081
163 0.04957222821357359 0.0815
164 0.0493922140855999 0.082
165 0.04925322478405144 0.0825
166 0.04913669357357466 0.083
167 0.04884533777014691 0.0835
168 0.04845292747133087 0.08400000000000001
169 0.0479053052525855 0.08450000000000001
170 0.04736025948903343 0.08500000000000001
171 0.04693599214443508 0.08550000000000001
172 0.04676267805248088 0.08600000000000001
173 0.04686644651495687 0.08650000000000001
174 0.04734310503354796 0.08700000000000001
175 0.0480531808489806 0.08750000000000001
176 0.04883255899672603 0.08799999999999999
177 0.04953952625540175 0.0885
178 0.04995777506616794 0.089
179 0.04998864930143449 0.0895
180 0.04950956446657342 0.09
181 0.04855078670617628 0.0905
182 0.04725547652448578 0.091
183 0.04586291358365836 0.0915
184 0.044664310271587 0.092
185 0.04385514042832774 0.0925
186 0.04362293391507658 0.093
187 0.04390749972033227 0.0935
188 0.04461172051967733 0.094
189 0.04560786783460436 0.0945
190 0.04664547446136388 0.095
191 0.04756525301555197 0.0955
192 0.04826692660674525 0.096
193 0.04860409822411976 0.0965
194 0.04857858944374069 0.097
195 0.04807973761648289 0.0975
196 0.04713517578662532 0.098
197 0.04593794084006536 0.0985
198 0.04472844010390359 0.099
199 0.04377688350378363 0.09950000000000001
200 0.0433062858580471 0.1
201 0.04329216195862029 0.1005
202 0.0436404575615142 0.101
203 0.04417801264657973 0.1015
204 0.04478925224967004 0.102
205 0.04534189526063404 0.1025
206 0.04583260907723415 0.103
207 0.04622252445578991 0.1035
208 0.04655820733413125 0.104
209 0.04677054611786757 0.1045
210 0.0467622223582792 0.105
211 0.0466223660709937 0.1055
212 0.04621457954088282 0.106
213 0.0457400370468094 0.1065
214 0.04518680183467561 0.107
215 0.04468164767699692 0.1075
216 0.0442425088808024 0.108
217 0.04391519461284754 0.1085
218 0.0436947135301852 0.109
219 0.04359262254989481 0.1095
220 0.04367526604729114 0.11
221 0.04384673820801405 0.1105
222 0.04411490283671785 0.111
223 0.04443248755259131 0.1115
224 0.04475573873089152 0.112
225 0.04498061697817288 0.1125
226 0.04506328217357927 0.113
227 0.04499806612831514 0.1135
228 0.04484070062849296 0.114
229 0.04458524848678722 0.1145
230 0.04447172091891639 0.115
231 0.04454091248591654 0.1155
232 0.04485838396400871 0.116
233 0.04535010273275236 0.1165
234 0.04588233818160004 0.117
235 0.04630697131246145 0.1175
236 0.04652360603015211 0.118
237 0.04641116648538836 0.1185
238 0.04598637674582947 0.119
239 0.04528824939115737 0.1195
240 0.04452408247317199 0.12
241 0.04380869178894651 0.1205
242 0.04325965138477145 0.121
243 0.04306250892507725 0.1215
244 0.0432614426767164 0.122
245 0.04396818881766679 0.1225
246 0.04493350620229773 0.123
247 0.04611014376373555 0.1235
248 0.04713882014054817 0.124
249 0.04788658494792882 0.1245
250 0.0483253536294283 0.125
251 0.04798581447749628 0.1255
252 0.0471334672775712 0.126
253 0.04562530011764575 0.1265
254 0.04364749629863382 0.127
255 0.04154335185909142 0.1275
256 0.03986000717097749 0.128
257 0.03869478335045391 0.1285
258 0.0388471966266465 0.129
259 0.04002661004875892 0.1295
260 0.04190431087295308 0.13
261 0.04402860185882641 0.1305
262 0.04634060053353831 0.131
263 0.04865385323780045 0.1315
264 0.0506856416740783 0.132
265 0.05219494425208559 0.1325
266 0.05293858449994699 0.133
267 0.05280663373286376 0.1335
268 0.05170568852052113 0.134
269 0.04947515816088362 0.1345
270 0.04632635127840243 0.135
271 0.04288881162382095 0.1355
272 0.04013603536299132 0.136
273 0.03923233515588224 0.1365
274 0.04016414519013815 0.137
275 0.0427502632020085 0.1375
276 0.0458878365331385 0.138
277 0.04887192485661537 0.1385
278 0.05145452650352451 0.139
279 0.05351650542622108 0.1395
280 0.05528693755062196 0.14
281 0.0564571747236739 0.1405
282 0.05668689041797668 0.141
283 0.05570736344995127 0.1415
284 0.05334025308257788 0.142
285 0.04985453556379606 0.1425
286 0.04553583335403085 0.143
287 0.04155581640394373 0.1435
288 0.03960960053323719 0.144
289 0.04059453901959659 0.1445
290 0.0437177708062611 0.145
291 0.04736929645749655 0.1455
292 0.05055845483479782 0.146
293 0.0531521971574855 0.1465
294 0.05523369588438346 0.147
295 0.05715877225240926 0.1475
296 0.0583812073166646 0.148
297 0.0584045814505324 0.1485
298 0.05700441254534887 0.149
299 0.05401858598785953 0.1495
300 0.04985508448795625 0.15
301 0.04475838465032232 0.1505
302 0.04002517385565466 0.151
303 0.0378588792291101 0.1515
304 0.03913045580436116 0.152
305 0.04284264094091672 0.1525
306 0.04695336627910063 0.153
307 0.05052474934793427 0.1535
308 0.05361303033626787 0.154
309 0.05626256866974384 0.1545
310 0.05871227324272055 0.155
311 0.0603659459509794 0.1555
312 0.06106384595854058 0.156
313 0.06062786414251046 0.1565
314 0.05924285227519875 0.157
315 0.05680061042216839 0.1575
316 0.05266197656436838 0.158
317 0.04724003732938668 0.1585
318 0.04190484755236177 0.159
319 0.03827153216563973 0.1595
320 0.03769464258432133 0.16
321 0.03994510689366278 0.1605
322 0.04370831187375833 0.161
323 0.04736486086167418 0.1615
324 0.05084009624889808 0.162
325 0.0539700776628541 0.1625
326 0.05688057864234711 0.163
327 0.05946428051099939 0.1635
328 0.06111477082295023 0.164
329 0.06162877273569344 0.1645
330 0.06108363808999463 0.165
331 0.05987741300012079 0.1655
332 0.05767453209428199 0.166
333 0.05435874293434659 0.1665
334 0.05049051475234291 0.167
335 0.0463915885181271 0.1675
336 0.04272542899016697 0.168
337 0.03988286170327477 0.1685
338 0.03810460321405244 0.169
339 0.03680586677400115 0.1695
340 0.03552221185723408 0.17
341 0.03431187709117789 0.1705
342 0.03325610756986158 0.171
343 0.03271337909797209 0.1715
344 0.03307503340323671 0.172
345 0.03462228898940237 0.1725
346 0.03712907180091149 0.173
347 0.04021590104247262 0.1735
348 0.04346592558830251 0.174
349 0.0464939276178458 0.1745
350 0.04902786743335242 0.175
351 0.05112071129952982 0.1755
352 0.05253501019467036 0.176
353 0.05330258104751408 0.1765
354 0.05312817233177718 0.177
355 0.05179793089447165 0.1775
356 0.04907449774054144 0.178
357 0.04511155951511995 0.1785
358 0.04040399651670278 0.179
359 0.03602675243959969 0.1795
360 0.03355593149544855 0.18
361 0.03400949095790957 0.1805
362 0.03692453486103613 0.181
363 0.04084145561280453 0.1815
364 0.0445283682990317 0.182
365 0.04754253481854979 0.1825
366 0.0500544904957177 0.183
367 0.05239238555680825 0.1835
368 0.05426431651887947 0.184
369 0.05501136708306586 0.1845
370 0.05428303621260844 0.185
371 0.05215321145809274 0.1855
372 0.0484569967740883 0.186
373 0.04330926936681562 0.1865
374 0.03787173194895556 0.187
375 0.03421449331093913 0.1875
376 0.0339962877159026 0.188
377 0.03682517480957675 0.1885
378 0.040951472017485 0.189
379 0.04475792712790523 0.1895
380 0.04804491641451109 0.19
381 0.05078333900238151 0.1905
382 0.05293768142039167 0.191
383 0.05429599040411982 0.1915
384 0.05445730560981633 0.192
385 0.05317879418093609 0.1925
386 0.05045589860345768 0.193
387 0.0465025467542227 0.1935
388 0.04130737541674352 0.194
389 0.0361689319131414 0.1945
390 0.03321935351554405 0.195
391 0.03369517866957911 0.1955
392 0.03692120766080451 0.196
393 0.04100426748049741 0.1965
394 0.04474495891151997 0.197
395 0.04809756394669356 0.1975
396 0.05099327436386249 0.198
397 0.05335952118094747 0.1985
398 0.05470809626462993 0.199
399 0.05491782125557196 0.1995
400 0.05375719588715507 0.2
401 0.0514753338992418 0.2005
402 0.04791086222487775 0.201
403 0.04267707856781765 0.2015
404 0.03695836179070517 0.202
405 0.03252956568954752 0.2025
406 0.03111347119146455 0.203
407 0.03296626882194834 0.2035
408 0.03683034845016779 0.204
409 0.0408407676862261 0.2045
410 0.04456964044773896 0.205
411 0.04804072403143413 0.2055
412 0.0511102728470082 0.206
413 0.0535877199171788 0.2065
414 0.05500227634389843 0.207
415 0.05533134443406253 0.2075
416 0.05461703294831372 0.208
417 0.05317254349304188 0.2085
418 0.05019685333270519 0.209
419 0.04541734377011869 0.2095
420 0.03956735977052627 0.21
421 0.03404002235918077 0.2105
422 0.03070449064138046 0.211
423 0.03087522499845197 0.2115
424 0.03404472724338625 0.212
425 0.03826095063171723 0.2125
426 0.04223373354455975 0.213
427 0.04590619828653977 0.2135
428 0.04932081985663325 0.214
429 0.05240457459636666 0.2145
430 0.05468696223935374 0.215
431 0.05578819208484481 0.2155
432 0.05593871512348059 0.216
433 0.05580867609070005 0.2165
434 0.05532227124108879 0.217
435 0.05380342528372004 0.2175
436 0.05102215694945604 0.218
437 0.04669554094387581 0.2185
438 0.0408479334949961 0.219
439 0.03453445475663106 0.2195
440 0.02996937835694462 0.22
441 0.02878563893609032 0.2205
442 0.03113063749448318 0.221
443 0.03519919089459406 0.2215
444 0.03914717423147716 0.222
445 0.04261817698826353 0.2225
446 0.04617145110079209 0.223
447 0.04997436430477079 0.2235
448 0.0535006759000481 0.224
449 0.05578562630364061 0.2245
450 0.05662761913157165 0.225
451 0.05655966886685548 0.2255
452 0.0565443554335808 0.226
453 0.05632535392518026 0.2265
454 0.05568571560590538 0.227
455 0.05448414935318653 0.2275
456 0.05193729276510218 0.228
457 0.04715195183758277 0.2285
458 0.04012947004029532 0.229
459 0.03183455946722264 0.2295
460 0.02514327740905166 0.23
461 0.02308409900290126 0.2305
462 0.02620058780009422 0.231
463 0.03203572168940686 0.2315
464 0.03781196477341184 0.232
465 0.04214140323787459 0.2325
466 0.04553826902252418 0.233
467 0.04879426911232198 0.2335
468 0.05187087674740536 0.234
469 0.05346138711889637 0.2345
470 0.05361610353038987 0.235
471 0.05292224955003816 0.2355
472 0.0519623265095825 0.236
473 0.05019909338570511 0.2365
474 0.04707467523696437 0.237
475 0.04226161456517302 0.2375
476 0.03624623670423111 0.238
477 0.0306754855298175 0.2385
478 0.02764709769978936 0.239
479 0.02817724340328184 0.2395
480 0.03160202392112776 0.24
481 0.03602582894821488 0.2405
482 0.04006538823863183 0.241
483 0.04362800939695088 0.2415
484 0.04671479958213881 0.242
485 0.04926400982520898 0.2425
486 0.05077057999562437 0.243
487 0.05094223705515677 0.2435
488 0.04959791055237909 0.244
489 0.04698075827361757 0.2445
490 0.04275600213242289 0.245
491 0.03692883497035485 0.2455
492 0.03121133583342067 0.246
493 0.02755650195844959 0.2465
494 0.02743140955820245 0.247
495 0.03033985746775264 0.2475
496 0.03443512113397678 0.248
497 0.03826833182821914 0.2485
498 0.04182636404921419 0.249
499 0.04508828158262521 0.2495
500 0.04792147830176325 0.25
501 0.04983631424069507 0.2505
502 0.05060220582675443 0.251
503 0.04988679596649704 0.2515
504 0.04803435238726277 0.252
505 0.04484213097730206 0.2525
506 0.03971633643144699 0.253
507 0.03378217514119277 0.2535
508 0.02897893610888806 0.254
509 0.02713697637294547 0.2545
510 0.02884574692720442 0.255
511 0.03280636003836273 0.2555
512 0.03688543626917377 0.256
513 0.04045846459721208 0.2565
514 0.04369747510826304 0.257
515 0.04650952291431313 0.2575
516 0.04871487106601007 0.258
517 0.04975256413113243 0.2585
518 0.04976257067954892 0.259
519 0.04879685295544523 0.2595
520 0.04723808302894782 0.26
521 0.0442395832218618 0.2605
522 0.03938487427397371 0.261
523 0.03327404966525943 0.2615
524 0.02740458066786285 0.262
525 0.02400067731569358 0.2625
526 0.02432998266605539 0.263
527 0.02795838924358927 0.2635
528 0.03278789934081595 0.264
529 0.03705692459489681 0.2645
530 0.04098971101825696 0.265
531 0.044637134836345 0.2655
532 0.04787801585526104 0.266
533 0.05008597248069127 0.2665
534 0.05088641961093458 0.267
535 0.05060222352920572 0.2675
536 0.04995861444832872 0.268
537 0.04894865638197556 0.2685
538 0.04668627807337125 0.269
539 0.04295394754586971 0.2695
540 0.037466525717032 0.27
541 0.03067918578452199 0.2705
542 0.0243148050404079 0.271
543 0.02088552744998054 0.2715
544 0.02171872252348536 0.272
545 0.02564613956178934 0.2725
546 0.03054381723291148 0.273
547 0.03481141107369846 0.2735
548 0.03890004383621287 0.274
549 0.0432596084246949 0.2745
550 0.04743342299782045 0.275
551 0.05063427329965296 0.2755
552 0.05226159620793341 0.276
553 0.05266854481942451 0.2765
554 0.05275841038450254 0.277
555 0.0526144492701804 0.2775
556 0.05174598498340822 0.278
557 0.04996239107129992 0.2785
558 0.04656135308950832 0.279
559 0.04119370728835862 0.2795
560 0.03426875683874495 0.28
561 0.0275175161745983 0.2805
562 0.02355714538429157 0.281
563 0.02440312596353707 0.2815
564 0.02880487522571699 0.282
565 0.03404876244458441 0.2825
566 0.03833781914602668 0.283
567 0.04179202388047391 0.2835
568 0.04531012503907928 0.284
569 0.04878686066021456 0.2845
570 0.05127927696333531 0.285
571 0.05198332970215119 0.2855
572 0.05145941545359996 0.286
573 0.05038089840475578 0.2865
574 0.04865019700319505 0.287
575 0.04563527196318683 0.2875
576 0.04088296800866885 0.288
577 0.03438851831304759 0.2885
578 0.02723175355574587 0.289
579 0.02142241060505242 0.2895
580 0.01934917026497191 0.29
581 0.02141256457330142 0.2905
582 0.0258192437916799 0.291
583 0.03036330034804421 0.2915
584 0.03435570690959409 0.292
585 0.03813152255084787 0.2925
586 0.04191269367522523 0.293
587 0.045251483970551 0.2935
588 0.04734805275691813 0.294
589 0.0480004310210718 0.2945
590 0.04749100354619615 0.295
591 0.04587135799696346 0.2955
592 0.04243429453007241 0.296
593 0.03715189234332462 0.2965
594 0.03104575502417567 0.297
595 0.02605559077886223 0.2975
596 0.02436158692095643 0.298
597 0.02657466985751577 0.2985
598 0.03093901455484071 0.299
599 0.03540190181645885 0.2995
600 0.03926905415940518 0.3
601 0.04256599726297684 0.3005
602 0.04527631291374493 0.301
603 0.04721333982538262 0.3015
604 0.04792415754613938 0.302
605 0.04724060469913218 0.3025
606 0.04518486840138702 0.303
607 0.04197062306523235 0.3035
608 0.03691991400946387 0.304
609 0.03058649800043137 0.3045
610 0.02489654595554671 0.305
611 0.02171857820264635 0.3055
612 0.02232419162483595 0.306
613 0.02553134583333661 0.3065
614 0.02946411919544378 0.307
615 0.03306421445234706 0.3075
616 0.03616181197193704 0.308
617 0.03874044917562623 0.3085
618 0.0407034133917366 0.309
619 0.04165237601193822 0.3095
620 0.04159384107654814 0.31
621 0.04055301342370502 0.3105
622 0.03887583021123933 0.311
623 0.03594995506604256 0.3115
624 0.03133020980814977 0.312
625 0.02540965802761554 0.3125
626 0.01944024103517216 0.313
627 0.01548814648536112 0.3135
628 0.01546849466754402 0.314
629 0.01903883207005449 0.3145
630 0.02439640576165589 0.315
631 0.02944029778240428 0.3155
632 0.03390958657534426 0.316
633 0.0380598413169951 0.3165
634 0.04202869802574353 0.317
635 0.04499543278286891 0.3175
636 0.04645560140673773 0.318
637 0.04647275295396371 0.3185
638 0.04576350746703778 0.319
639 0.04464642144360548 0.3195
640 0.04241534206967428 0.32
641 0.03862890180412484 0.3205
642 0.03299760060075379 0.321
643 0.02583232276421246 0.3215
644 0.01869211911468473 0.322
645 0.0141055010337928 0.3225
646 0.01372783136994913 0.323
647 0.01732295914117501 0.3235
648 0.02259824583219257 0.324
649 0.0278941275979728 0.3245
650 0.03297664791501725 0.325
651 0.03795350304288077 0.3255
652 0.04265079514028926 0.326
653 0.0461664459414407 0.3265
654 0.04787040927615179 0.327
655 0.04814999724828559 0.3275
656 0.04783800737071505 0.328
657 0.04711739877517689 0.3285
658 0.0455601268911931 0.329
659 0.04281991909679987 0.3295
660 0.03830314557761114 0.33
661 0.03173859146507354 0.3305
662 0.02399978974052074 0.331
663 0.01705496245734909 0.3315
664 0.01340115029982693 0.332
665 0.01415066890637981 0.3325
666 0.01764516265692033 0.333
667 0.02164268801597633 0.3335
668 0.02516464407557647 0.334
669 0.02877824325533178 0.3345
670 0.03308965156449233 0.335
671 0.03759835546863346 0.3355
672 0.04120935855987318 0.336
673 0.04328414576010769 0.3365
674 0.04425029751349281 0.337
675 0.04428494470144479 0.3375
676 0.04333921363030274 0.338
677 0.04090908328900405 0.3385
678 0.03650526479346516 0.339
679 0.03042561380595687 0.3395
680 0.02432904214981904 0.34
681 0.02048953548971601 0.3405
682 0.02083231986126357 0.341
683 0.02470268207633187 0.3415
684 0.02980950576247078 0.342
685 0.03418327771550353 0.3425
686 0.03764729609545573 0.343
687 0.04071692585413849 0.3435
688 0.04339957623752524 0.344
689 0.04514922049894701 0.3445
690 0.0454819956023755 0.345
691 0.0445315783974718 0.3455
692 0.04294977937795346 0.346
693 0.04034694668238331 0.3465
694 0.03589935842032637 0.347
695 0.02951142440291937 0.3475
696 0.022293144380232 0.348
697 0.01609923435958048 0.3485
698 0.01300688361822571 0.349
699 0.01401223252681303 0.3495
700 0.01772290417801366 0.35
701 0.02209878741824961 0.3505
702 0.02651799836413423 0.351
703 0.03084470252442531 0.3515
704 0.03509320682807876 0.352
705 0.03880439528220406 0.3525
706 0.04129576330581857 0.353
707 0.04206947522551691 0.3535
708 0.04103562774998162 0.354
709 0.03847086738056929 0.3545
710 0.03398236057440038 0.355
711 0.02825646822491849 0.3555
712 0.02338912422746175 0.356
713 0.02134485681384275 0.3565
714 0.02313053477613945 0.357
715 0.02733103255407077 0.3575
716 0.03181483525301834 0.358
717 0.03567775274030386 0.3585
718 0.03910318663361603 0.359
719 0.04202680795490976 0.3595
720 0.04425514308308076 0.36
721 0.04519707307320616 0.3605
722 0.04509540404825495 0.361
723 0.04375414544938382 0.3615
724 0.04164212119925978 0.362
725 0.03807655146041606 0.3625
726 0.032614076925542 0.363
727 0.02627528859141182 0.3635
728 0.02071051912459876 0.364
729 0.01791614212412477 0.3645
730 0.01881129659536244 0.365
731 0.02220506799787961 0.3655
732 0.0262672449885557 0.366
733 0.03008183438464448 0.3665
734 0.03337685366937047 0.367
735 0.03629010544933932 0.3675
736 0.03881176852491238 0.368
737 0.04038843870943395 0.3685
738 0.04088884158124396 0.369
739 0.04059883962741677 0.3695
740 0.03979837708888779 0.37
741 0.03804369287844921 0.3705
742 0.03489775750967822 0.371
743 0.03014220457459361 0.3715
744 0.02400741152690581 0.372
745 0.01801179360127022 0.3725
746 0.01446565753447715 0.373
747 0.01484343753329904 0.3735
748 0.0186466552012922 0.374
749 0.02342874330013404 0.3745
750 0.02761619372792226 0.375
751 0.03105992261311394 0.3755
752 0.034341783089507 0.376
753 0.0375008404110591 0.3765
754 0.03996654383006321 0.377
755 0.0409120249432162 0.3775
756 0.04072469594032031 0.378
757 0.04009783965519092 0.3785
758 0.03926277656831736 0.379
759 0.03782261766935086 0.3795
760 0.03553187319854133 0.38
761 0.03169248484008883 0.3805
762 0.02613302897091751 0.381
763 0.01979741118916357 0.3815
764 0.01478986834972018 0.382
765 0.01357090336225678 0.3825
766 0.01669762623522085 0.383
767 0.02220014668400559 0.3835
768 0.02747045345255556 0.384
769 0.03157867903653155 0.3845
770 0.03498283436734532 0.385
771 0.03863038210108879 0.3855
772 0.04196089198479864 0.386
773 0.04412688347785514 0.3865
774 0.04459129631328849 0.387
775 0.04398869990479774 0.3875
776 0.04297385802455173 0.388
777 0.04124996745913272 0.3885
778 0.03833515560447582 0.389
779 0.03357759707071582 0.3895
780 0.02705585033600473 0.39
781 0.01986905141810695 0.3905
782 0.01401814520920759 0.391
783 0.01183755887949682 0.3915
784 0.01359786550669296 0.392
785 0.01757951475592986 0.3925
786 0.02157338799688416 0.393
787 0.0250662294378114 0.3935
788 0.02847290921609801 0.394
789 0.03204868481181349 0.3945
790 0.03568875678507856 0.395
791 0.03834579639535077 0.3955
792 0.03965811385670616 0.396
793 0.03966005465809398 0.3965
794 0.03817289654227457 0.397
795 0.03483313325937631 0.3975
796 0.02975752885590627 0.398
797 0.02416272110236945 0.3985
798 0.01997200119977654 0.399
799 0.0188472880847797 0.3995
800 0.02116780604783412 0.4
801 0.02512987869676896 0.4005
802 0.02893304352189145 0.401
803 0.03228523508748442 0.4015
804 0.03510586703093614 0.402
805 0.03730428625422533 0.4025
806 0.0386755862513689 0.403
807 0.03881079467220665 0.4035
808 0.03761943522020485 0.404
809 0.03513644786776949 0.4045
810 0.03154448095815907 0.405
811 0.02604994031290855 0.4055
812 0.0194361333186532 0.406
813 0.01369414245475074 0.4065
814 0.01108516206251951 0.407
815 0.01280608518471912 0.4075
816 0.01780933411571294 0.408
817 0.02366425501435739 0.4085
818 0.02887064470744492 0.409
819 0.03332258981069894 0.4095
820 0.03717415513520927 0.41
821 0.04024021063966941 0.4105
822 0.0421157048857144 0.411
823 0.0424894548572892 0.4115
824 0.041410492897167 0.412
825 0.03934422340851334 0.4125
826 0.03580120186540497 0.413
827 0.03046641432026818 0.4135
828 0.02447409741946517 0.414
829 0.01953272638706541 0.4145
830 0.01746695938326598 0.415
831 0.019039337847756 0.4155
832 0.02288817049317967 0.416
833 0.02726137038948519 0.4165
834 0.03120083520661289 0.417
835 0.0345583096505783 0.4175
836 0.03751340355720912 0.418
837 0.03992864742932969 0.4185
838 0.04134511114435822 0.419
839 0.04165912584704742 0.4195
840 0.04115773957730186 0.42
841 0.03999670329396524 0.4205
842 0.03759449220260772 0.421
843 0.03357044573933705 0.4215
844 0.02797813409555964 0.422
845 0.02147416214604294 0.4225
846 0.01592447025892089 0.423
847 0.01356179439143785 0.4235
848 0.01523935859182382 0.424
849 0.01944846197418011 0.4245
850 0.02415253636651503 0.425
851 0.02829259589321335 0.4255
852 0.03184267471883819 0.426
853 0.03519566164217377 0.4265
854 0.03826217456124597 0.427
855 0.04014163070129542 0.4275
856 0.04072248121324738 0.428
857 0.04049940925894341 0.4285
858 0.03987460528748248 0.429
859 0.03849848218626908 0.4295
860 0.0359736608627006 0.43
861 0.03187821213416864 0.4305
862 0.02597346711193008 0.431
863 0.01912900299177445 0.4315
864 0.01333282818113754 0.432
865 0.01093661952370995 0.4325
866 0.01267141478072354 0.433
867 0.01678119003825566 0.4335
868 0.02117311915186167 0.434
869 0.02482588369455642 0.4345
870 0.02776907745343009 0.435
871 0.03073116645707773 0.4355
872 0.03353898052126589 0.436
873 0.03529034314475833 0.4365
874 0.03574182496720143 0.437
875 0.03558031078448114 0.4375
876 0.03500597402557683 0.438
877 0.0338474598454948 0.4385
878 0.03172242579158643 0.439
879 0.02802455095824067 0.4395
880 0.02250923527262254 0.44
881 0.01635516428551558 0.4405
882 0.0117029043223875 0.441
883 0.01112625062352432 0.4415
884 0.01473867603880674 0.442
885 0.02070802959940908 0.4425
886 0.02618618768615982 0.443
887 0.03031890281829328 0.4435
888 0.03372482103514043 0.444
889 0.03706640068864275 0.4445
890 0.03985575313445616 0.445
891 0.04129703125110091 0.4455
892 0.04119690582629331 0.446
893 0.03990001077863137 0.4465
894 0.03788454231682229 0.447
895 0.03434981227830707 0.4475
896 0.02897631603198984 0.448
897 0.02215158537991671 0.4485
898 0.01564907474113706 0.449
899 0.01173269762384608 0.4495
900 0.01217178678486232 0.45
901 0.01601673132361912 0.4505
902 0.02115900280476666 0.451
903 0.0260157827399921 0.4515
904 0.03029236647183785 0.452
905 0.03405255014146023 0.4525
906 0.03714222350569635 0.453
907 0.0390458759580338 0.4535
908 0.03941792716266285 0.454
909 0.03806440482715543 0.4545
910 0.03545599495578712 0.455
911 0.03125385387008764 0.4555
912 0.02552108619852245 0.456
913 0.01989727019748572 0.4565
914 0.01627742471828292 0.457
915 0.01617679390185674 0.4575
916 0.01904256129519434 0.458
917 0.02302508517926757 0.4585
918 0.02690074003455566 0.459
919 0.03013894219330572 0.4595
920 0.03282460804593317 0.46
921 0.03485052181854588 0.4605
922 0.03585841934311529 0.461
923 0.03571426696260864 0.4615
924 0.03408813246389528 0.462
925 0.03134038106906352 0.4625
926 0.02706758615515012 0.463
927 0.02096319197371745 0.4635
928 0.01407483663137179 0.464
929 0.00820009188879936 0.4645
930 0.00556722331537341 0.465
931 0.007313843339436867 0.4655
932 0.01238519633441131 0.466
933 0.01852189790688441 0.4665
934 0.02446909112350965 0.467
935 0.0296842386497775 0.4675
936 0.03434766909096886 0.468
937 0.03818406784900721 0.4685
938 0.04072140523790149 0.469
939 0.04163161567723005 0.4695
940 0.04133640527131447 0.47
941 0.04030192719136103 0.4705
942 0.03809435132698305 0.471
943 0.03425696377041991 0.4715
944 0.02894184349702668 0.472
945 0.02287773860872102 0.4725
946 0.01767447668598447 0.473
947 0.01529864730720994 0.4735
948 0.01637613952500398 0.474
949 0.02006674629910096 0.4745
950 0.02448146834130199 0.475
951 0.02844779241853245 0.4755
952 0.03173667224068973 0.476
953 0.03471081244847676 0.4765
954 0.0375130769643679 0.477
955 0.0393332491429472 0.4775
956 0.04002679506360567 0.478
957 0.03986374055761838 0.4785
958 0.03925186467226879 0.479
959 0.03786314130166943 0.4795
960 0.03523815452897187 0.48
961 0.03110014719280398 0.4805
962 0.02521158902310408 0.481
963 0.01833713247774964 0.4815
964 0.01245490490975134 0.482
965 0.01000522206447222 0.4825
966 0.01158223430437575 0.483
967 0.01562115613985736 0.4835
968 0.02015341751710565 0.484
969 0.02414749451842825 0.4845
970 0.02773172804176254 0.485
971 0.03151318035867937 0.4855
972 0.03520546405929862 0.486
973 0.0378114965044823 0.4865
974 0.03898750897945765 0.487
975 0.039316727784011 0.4875
976 0.0390231818436521 0.488
977 0.03813806080561324 0.4885
978 0.03629347838734127 0.489
979 0.03290387314719902 0.4895
980 0.02765230461543363 0.49
981 0.02124297300439093 0.4905
982 0.0152807130516339 0.491
983 0.01230402367282948 0.4915
984 0.01347157245804898 0.492
985 0.01750714105676827 0.4925
986 0.02211632755849828 0.493
987 0.02603375976766225 0.4935
988 0.02905064895503943 0.494
989 0.03198037879685483 0.4945
990 0.03486289518394144 0.495
991 0.03681294710487783 0.4955
992 0.03737540394620312 0.496
993 0.03688302213624021 0.4965
994 0.03530614692991763 0.497
995 0.03235390517993934 0.4975
996 0.02774533756331333 0.498
997 0.02187829429974289 0.4985
998 0.01648382374943277 0.499
999 0.01357938833880694 0.4995
1000 0.01482118072367229 0.5
1001 0.01886303537969895 0.5004999999999999
1002 0.0236120534964407 0.501
1003 0.02787582491527872 0.5014999999999999
1004 0.03137337432530109 0.502
1005 0.03439958651213339 0.5024999999999999
1006 0.03682116912585656 0.503
1007 0.03828881766276869 0.5034999999999999
1008 0.03828691834842655 0.504
1009 0.03672778121061938 0.5044999999999999
1010 0.03407832613978712 0.505
1011 0.0298844644116205 0.5054999999999999
1012 0.02412921562088587 0.506
1013 0.01827802248456892 0.5065
1014 0.01414635247066191 0.507
1015 0.01339418973967019 0.5075
1016 0.01583136411667454 0.508
1017 0.01983967801334156 0.5085
1018 0.02391919287612696 0.509
1019 0.02741064087019666 0.5095
1020 0.03046598954975312 0.51
1021 0.03298323040582232 0.5105
1022 0.03477511374358479 0.511
1023 0.03551159732167156 0.5115
1024 0.03492717131700255 0.512
1025 0.03338740618040269 0.5125
1026 0.03062266600253191 0.513
1027 0.02615158093148973 0.5135
1028 0.02041740550204712 0.514
1029 0.01474391715448562 0.5145
1030 0.01078391872721488 0.515
1031 0.01035434367790028 0.5155
1032 0.01300053238878147 0.516
1033 0.01721377606361217 0.5165
1034 0.02131960814811121 0.517
1035 0.02490153313401942 0.5175
1036 0.02814988422328346 0.518
1037 0.03111664561051673 0.5185
1038 0.03378710905838676 0.519
1039 0.03537598539613226 0.5195
1040 0.03588050384669463 0.52
1041 0.03556171335262023 0.5205
1042 0.03416222223065802 0.521
1043 0.03127897810867455 0.5215
1044 0.02675723842169831 0.522
1045 0.02117329420161425 0.5225
1046 0.01587550405488061 0.523
1047 0.01293065690175995 0.5235
1048 0.01383116106859919 0.524
1049 0.01741822488183753 0.5245
1050 0.02199653910415758 0.525
1051 0.02629550108350622 0.5255
1052 0.02995185660131952 0.526
1053 0.03324085812636427 0.5265
1054 0.03623914618521135 0.527
1055 0.03848309963207644 0.5275
1056 0.03935743932976118 0.528
1057 0.03921064917147699 0.5285
1058 0.0386355250327237 0.529
1059 0.03729847187663778 0.5295
1060 0.03467925360331557 0.53
1061 0.03051282789255162 0.5305
1062 0.02469991413218054 0.531
1063 0.01804253782583679 0.5315
1064 0.01243293721505134 0.532
1065 0.01022196719251364 0.5325
1066 0.01194086140233592 0.533
1067 0.01600748491968366 0.5335
1068 0.02044943421800246 0.534
1069 0.02439763435400779 0.5345
1070 0.02785519667347678 0.535
1071 0.03128692465923525 0.5355
1072 0.0345304637358867 0.536
1073 0.03667860309672925 0.5365
1074 0.03752711243399619 0.537
1075 0.03765819696324367 0.5375
1076 0.03736123651766904 0.538
1077 0.03648569615511567 0.5385
1078 0.03471246724654855 0.539
1079 0.03146641238810015 0.5395
1080 0.02636801914885232 0.54
1081 0.01985481068500192 0.5405
1082 0.01355488207097329 0.541
1083 0.009992044674944453 0.5415
1084 0.01071196566364463 0.542
1085 0.01468064657156565 0.5425
1086 0.01953942531920146 0.543
1087 0.02380564602918479 0.5435
1088 0.02704713842134322 0.544
1089 0.03033435755024148 0.5445
1090 0.03380160914873803 0.545
1091 0.03647247794538726 0.5455
1092 0.03769816149975854 0.546
1093 0.03788626819480757 0.5465
1094 0.0373385415543721 0.547
1095 0.036077476605563 0.5475
1096 0.03362060404796792 0.548
1097 0.02943789798018147 0.5485
1098 0.02362554142131025 0.549
1099 0.01752647094031766 0.5495
1100 0.01317851703577631 0.55
1101 0.01284482433674531 0.5505
1102 0.01594748904176543 0.551
1103 0.02072549575439629 0.5515
1104 0.02520993413347403 0.552
1105 0.02877153993130254 0.5525
1106 0.03180397239595135 0.553
1107 0.03439084155258355 0.5535
1108 0.0364418614531561 0.554
1109 0.03706436485871436 0.5545
1110 0.03609251892695543 0.555
1111 0.03384367508686741 0.5555
1112 0.03016638408874988 0.556
1113 0.02452702520354443 0.5565
1114 0.01773549843546233 0.5570000000000001
1115 0.01166761237384056 0.5575
1116 0.008482661073970185 0.5580000000000001
1117 0.009209526303279925 0.5585
1118 0.01283525469021991 0.5590000000000001
1119 0.01739944778956886 0.5595
1120 0.02187658903679749 0.5600000000000001
1121 0.02612629501380261 0.5605
1122 0.0301522200890931 0.5609999999999999
1123 0.03371368479961477 0.5615
1124 0.03619947130198691 0.5620000000000001
1125 0.03729973045031681 0.5625
1126 0.03717229354212806 0.5629999999999999
1127 0.03592106911002205 0.5635
1128 0.03316063504455107 0.5640000000000001
1129 0.02854227249893666 0.5645
1130 0.02273676845261956 0.5649999999999999
1131 0.01720745623426966 0.5655
1132 0.01385442860006524 0.5660000000000001
1133 0.01437329901887701 0.5665
1134 0.0176858657454642 0.5669999999999999
1135 0.022031279242376 0.5675
1136 0.02611729424743016 0.5680000000000001
1137 0.02954040548101799 0.5685
1138 0.03245447921198847 0.569
1139 0.03495879455825275 0.5695
1140 0.03663290516207401 0.5700000000000001
1141 0.03714511915034518 0.5705
1142 0.03646518977455879 0.571
1143 0.03486193318703677 0.5715
1144 0.03188833661215773 0.5720000000000001
1145 0.027121263977045 0.5725
1146 0.02109171778204974 0.573
1147 0.01516082024084907 0.5735
1148 0.01136440958192841 0.574
1149 0.01156364831003535 0.5745
1150 0.01502379984646475 0.575
1151 0.01979631204921124 0.5755
1152 0.02421640159534845 0.576
1153 0.02781886702977915 0.5765
1154 0.0310064002344938 0.577
1155 0.03378887206510435 0.5775
1156 0.03593025028496042 0.578
1157 0.03669358547290603 0.5785
1158 0.03610505709558498 0.579
1159 0.03454370212485318 0.5795
1160 0.03171535927581647 0.58
1161 0.02705542177943136 0.5805
1162 0.02100653478850298 0.581
1163 0.01497423136707002 0.5815
1164 0.01079549223970301 0.582
1165 0.01060568323799765 0.5825
1166 0.01387428081263094 0.583
1167 0.01876262565829194 0.5835
1168 0.02340065158527899 0.584
1169 0.0273630570175322 0.5845
1170 0.03081227393459676 0.585
1171 0.0338579666637096 0.5855
1172 0.03638200675467929 0.586
1173 0.03759427361398134 0.5865
1174 0.03766047067769076 0.587
1175 0.03703274262975586 0.5875
1176 0.03571072993340769 0.588
1177 0.03313053281607981 0.5885
1178 0.02891485674568594 0.589
1179 0.02313094435891474 0.5895
1180 0.01668093590623994 0.59
1181 0.01127634941248273 0.5905
1182 0.009484974640881841 0.591
1183 0.0115876638448454 0.5915
1184 0.01599673300162745 0.592
1185 0.02061039999742269 0.5925
1186 0.02465751354558347 0.593
1187 0.02807302202419831 0.5935
1188 0.03123727026371228 0.594
1189 0.03417911149660766 0.5945
1190 0.0360204169571772 0.595
1191 0.0365978561437444 0.5955
1192 0.03655439784955179 0.596
1193 0.03614929257368962 0.5965
1194 0.03513303625008771 0.597
1195 0.03325170908963711 0.5975
1196 0.02991843258324981 0.598
1197 0.02477989628687757 0.5985
1198 0.01845195820298682 0.599
1199 0.01258006620515418 0.5995
1200 0.009619982211871752 0.6
1201 0.01097760054145917 0.6005
1202 0.01531503727248502 0.601
1203 0.02035234347552802 0.6015
1204 0.02472552150844008 0.602
1205 0.02803502856084473 0.6025
1206 0.03128088595749376 0.603
1207 0.03456270876619226 0.6035
1208 0.03696288549760857 0.604
1209 0.03780514052244935 0.6045
1210 0.03759540617423265 0.605
1211 0.03671196001603314 0.6055
1212 0.03500223836573464 0.606
1213 0.03201957865443793 0.6065
1214 0.02727157740728418 0.607
1215 0.02101553289692851 0.6075
1216 0.01462065661310489 0.608
1217 0.0102408156520822 0.6085
1218 0.01004320212754398 0.609
1219 0.01333893875689251 0.6095
1220 0.01820788625179836 0.61
1221 0.02276159292136908 0.6105
1222 0.02637618849285544 0.611
1223 0.02954747715200324 0.6115
1224 0.03246302425686644 0.612
1225 0.03486756769597795 0.6125
1226 0.03590637849038322 0.613
1227 0.03573470558772124 0.6135
1228 0.03453708757508114 0.614
1229 0.03221284883764289 0.6145
1230 0.02819305443297754 0.615
1231 0.02247817239875799 0.6155
1232 0.01630553560601664 0.616
1233 0.01128650435182893 0.6165
1234 0.009862770036819228 0.617
1235 0.01211175323199727 0.6175
1236 0.0164264320238181 0.618
1237 0.02075730098577041 0.6185
1238 0.02455866915496759 0.619
1239 0.02782316424150621 0.6195000000000001
1240 0.03071459145534024 0.62
1241 0.03324547639811614 0.6205000000000001
1242 0.03479292047315272 0.621
1243 0.0351463408133155 0.6214999999999999
1244 0.03456192451703814 0.622
1245 0.03297146751938901 0.6225000000000001
1246 0.02974064355066186 0.623
1247 0.02479765674813936 0.6234999999999999
1248 0.01895643132092449 0.624
1249 0.01384033350385233 0.6245000000000001
1250 0.01158068576652739 0.625
1251 0.01329347224394866 0.6254999999999999
1252 0.01743810609438133 0.626
1253 0.02197064549564753 0.6265000000000001
1254 0.0259778674353747 0.627
1255 0.02934114737451885 0.6274999999999999
1256 0.03220261682039932 0.628
1257 0.03465461504678249 0.6285000000000001
1258 0.03608543306565464 0.629
1259 0.03616449933984052 0.6294999999999999
1260 0.03490743368379911 0.63
1261 0.03263861783305177 0.6305000000000001
1262 0.02865491812813954 0.631
1263 0.02296999699461197 0.6315
1264 0.01677754629162668 0.632
1265 0.01182358849950528 0.6325000000000001
1266 0.01040441683557764 0.633
1267 0.01277694350221622 0.6335
1268 0.0172847800480449 0.634
1269 0.02183549235494062 0.6345000000000001
1270 0.02570625418776498 0.635
1271 0.02897951456640184 0.6355
1272 0.03168564802977301 0.636
1273 0.03383412784711311 0.6365000000000001
1274 0.03481253770820392 0.637
1275 0.0343220332807367 0.6375
1276 0.03251730093907786 0.638
1277 0.02953623121930621 0.6385000000000001
1278 0.0247346595778825 0.639
1279 0.01863448840812044 0.6395
1280 0.01290061348658543 0.64
1281 0.009482791030352638 0.6405000000000001
1282 0.01009280846086895 0.641
1283 0.013848759281993 0.6415
1284 0.01866316071888072 0.642
1285 0.02305063345742024 0.6425000000000001
1286 0.02667621501320097 0.643
1287 0.02971872753802551 0.6435
1288 0.03219415236504451 0.644
1289 0.03389187059267303 0.6445
1290 0.03415855688731082 0.645
1291 0.03287062537286467 0.6455
1292 0.03037288974893741 0.646
1293 0.02631768696794737 0.6465
1294 0.02066557871099073 0.647
1295 0.01484299992976147 0.6475
1296 0.01066297093807853 0.648
1297 0.0101165128664788 0.6485
1298 0.01280141501213812 0.649
1299 0.01712798407156266 0.6495
1300 0.0214606333448926 0.65
1301 0.02510685541578083 0.6505
1302 0.02814723220301618 0.651
1303 0.03051693605760005 0.6515
1304 0.03213174647170954 0.652
1305 0.03242990778759947 0.6525
1306 0.03097311161237385 0.653
1307 0.02805858134813016 0.6535
1308 0.02365767455058405 0.654
1309 0.01785710201439004 0.6545
1310 0.01213542326863028 0.655
1311 0.008406450548818327 0.6555
1312 0.008232388198371667 0.656
1313 0.01112839660300149 0.6565
1314 0.01565218125157256 0.657
1315 0.0203973025096716 0.6575
1316 0.02482004101390532 0.658
1317 0.02888860432995137 0.6585
1318 0.03229757856127953 0.659
1319 0.03489225496544091 0.6595
1320 0.03637901018030627 0.66
1321 0.03674129880176551 0.6605
1322 0.03676939810165731 0.661
1323 0.03674795254641666 0.6615
1324 0.03658449899178803 0.662
1325 0.03660974529952297 0.6625
1326 0.03692194061114795 0.663
1327 0.0370928182594016 0.6635
1328 0.03630704774252019 0.664
1329 0.03372727908591398 0.6645
1330 0.02871529322681817 0.665
1331 0.02142239933328226 0.6655
1332 0.01336606525735731 0.666
1333 0.007676814014506986 0.6665
1334 0.006766343819094511 0.667
1335 0.01076444486418928 0.6675
1336 0.01686529901849875 0.668
1337 0.02225937363364923 0.6685
1338 0.02564372394734234 0.669
1339 0.02817695400922623 0.6695
1340 0.03136724532148041 0.67
1341 0.03462209329534559 0.6705
1342 0.03630607835810513 0.671
1343 0.03632626507807944 0.6715
1344 0.03521345819972507 0.672
1345 0.03358079008779345 0.6725
1346 0.03099102805585141 0.673
1347 0.02690800835748529 0.6735
1348 0.02133671187091693 0.674
1349 0.01559172760484935 0.6745
1350 0.01144307606968953 0.675
1351 0.01090936693397201 0.6755
1352 0.01347795915454988 0.6759999999999999
1353 0.01782995589011679 0.6765
1354 0.02220208757719591 0.677
1355 0.02577747596406239 0.6775
1356 0.02872697988346839 0.6779999999999999
1357 0.03113055410247381 0.6785
1358 0.03276899163411932 0.679
1359 0.03339473593896505 0.6795
1360 0.03293227886986572 0.6799999999999999
1361 0.03156810527833668 0.6805
1362 0.02916329137619252 0.681
1363 0.02508968260457442 0.6815
1364 0.0197552701523086 0.6819999999999999
1365 0.01438655230688378 0.6825
1366 0.01056877752622408 0.6830000000000001
1367 0.01019926123757898 0.6835
1368 0.01307904307490264 0.6839999999999999
1369 0.01760666259465136 0.6845
1370 0.02200235741569464 0.6850000000000001
1371 0.02566856321473858 0.6855
1372 0.02878728312213003 0.6859999999999999
1373 0.03142864103440567 0.6865
1374 0.03360908027547733 0.6870000000000001
1375 0.03452854772359324 0.6875
1376 0.03399703292927056 0.6879999999999999
1377 0.03229924758690066 0.6885
1378 0.02934287298453553 0.6890000000000001
1379 0.02465204018569374 0.6895
1380 0.01879828441105442 0.6899999999999999
1381 0.01331381186857494 0.6905
1382 0.009885030128643143 0.6910000000000001
1383 0.01025188229298723 0.6915
1384 0.01352293060795411 0.6919999999999999
1385 0.01800649284291475 0.6925
1386 0.0222168618929499 0.6930000000000001
1387 0.02575174201504501 0.6935
1388 0.02874162722627529 0.694
1389 0.03121932829334794 0.6945
1390 0.03295958516583029 0.6950000000000001
1391 0.03339663271059345 0.6955
1392 0.03243381682722826 0.696
1393 0.03036081296695153 0.6965
1394 0.02683805767799622 0.6970000000000001
1395 0.02158881924085116 0.6975
1396 0.01561906477753521 0.698
1397 0.0106037072219341 0.6985
1398 0.008504034967776929 0.6990000000000001
1399 0.01033132109026281 0.6995
1400 0.01464879998940818 0.7
1401 0.01944467952632819 0.7005
1402 0.02372249489652511 0.7010000000000001
1403 0.02734813238522103 0.7015
1404 0.03040616943129762 0.702
1405 0.03297731003762231 0.7025
1406 0.03452582783783398 0.7030000000000001
1407 0.03467541314462037 0.7035
1408 0.03349939325383372 0.704
1409 0.03118587175116868 0.7045
1410 0.02715615549010593 0.7050000000000001
1411 0.02148353737351373 0.7055
1412 0.01543600674061431 0.706
1413 0.01071846663756062 0.7065
1414 0.009376722045174061 0.7070000000000001
1415 0.01173550194049637 0.7075
1416 0.01626601253432469 0.708
1417 0.0209692900279073 0.7085
1418 0.02514218764790843 0.709
1419 0.0287815811733276 0.7095
1420 0.03195064509181386 0.71
1421 0.03463053351523303 0.7105
1422 0.03614467539291012 0.711
1423 0.03626607283127554 0.7115
1424 0.03522753263402631 0.712
1425 0.03309186785130754 0.7125
1426 0.02928052430597571 0.713
1427 0.02382922410458998 0.7135
1428 0.0177472912984057 0.714
1429 0.01244884941607534 0.7145
1430 0.00993793127059165 0.715
1431 0.01110787316648359 0.7155
1432 0.01479555663398124 0.716
1433 0.0192272839853547 0.7165
1434 0.02345903431493248 0.717
1435 0.02719694034390641 0.7175
1436 0.03069340953454888 0.718
1437 0.03377990993284589 0.7185
1438 0.03621590223209884 0.719
1439 0.0374133841650747 0.7195
1440 0.03779158980550266 0.72
1441 0.03789697575784417 0.7205
1442 0.0373913728146863 0.721
1443 0.03622854214252125 0.7215
1444 0.03401552379756729 0.722
1445 0.03019114246306469 0.7225
1446 0.02420949446476392 0.723
1447 0.01658859170211543 0.7235
1448 0.00916458513145332 0.724
1449 0.005043648542558299 0.7245
1450 0.006314530416680069 0.725
1451 0.0118703799731181 0.7255
1452 0.01830438581605029 0.726
1453 0.02349945128395628 0.7265
1454 0.02724673507369932 0.727
1455 0.03053710900212647 0.7275
1456 0.03386251881799578 0.728
1457 0.03627691609543575 0.7285
1458 0.03694250310035213 0.729
1459 0.03641385136676497 0.7295
1460 0.03556801500836648 0.73
1461 0.0345437457200819 0.7305
1462 0.03304177061615925 0.731
1463 0.03038363472208482 0.7315
1464 0.02609721359309708 0.732
1465 0.02039552756634973 0.7325
1466 0.01461271765766354 0.733
1467 0.01048642277625851 0.7335
1468 0.009747456057189446 0.734
1469 0.01246320110727645 0.7345
1470 0.01678330764664614 0.735
1471 0.02107080612203718 0.7355
1472 0.0245195029431026 0.736
1473 0.02742311453018145 0.7365
1474 0.02996860864865386 0.737
1475 0.03198357053901015 0.7375
1476 0.0327384992197045 0.738
1477 0.03209536845756665 0.7385
1478 0.03019159924973551 0.739
1479 0.02681679251186276 0.7395
1480 0.02187897060852072 0.74
1481 0.01607106974657472 0.7404999999999999
1482 0.01091945591315592 0.741
1483 0.008270797859324892 0.7415
1484 0.009326434921965056 0.742
1485 0.01278520524797249 0.7424999999999999
1486 0.01689083219999992 0.743
1487 0.02072115816193068 0.7435
1488 0.02395638672663623 0.744
1489 0.02677893926443459 0.7444999999999999
1490 0.02925447493278345 0.745
1491 0.03110287314282494 0.7455000000000001
1492 0.03182258356594497 0.746
1493 0.03153278723477045 0.7464999999999999
1494 0.03022469700585994 0.747
1495 0.02745820482511629 0.7475000000000001
1496 0.0230250926275295 0.748
1497 0.01761251661734386 0.7484999999999999
1498 0.01273220523764316 0.749
1499 0.01025711854561156 0.7495000000000001
1500 0.01164988117606467 0.75
1501 0.01563168692824614 0.7504999999999999
1502 0.02030422520403514 0.751
1503 0.0245421856832106 0.7515000000000001
1504 0.0280687624348846 0.752
1505 0.03120188872109396 0.7524999999999999
1506 0.0338712859337671 0.753
1507 0.03570150047941043 0.7535000000000001
1508 0.03615857451718682 0.754
1509 0.03524595237292309 0.7544999999999999
1510 0.03341248426661362 0.755
1511 0.03015229294400985 0.7555000000000001
1512 0.02510312029281059 0.756
1513 0.01908567428464549 0.7565
1514 0.01367551149894989 0.757
1515 0.01069146065220136 0.7575000000000001
1516 0.01149485117692119 0.758
1517 0.01487205909161589 0.7585
1518 0.01897121492312593 0.759
1519 0.02277330090641552 0.7595000000000001
1520 0.02593676378553431 0.76
1521 0.02856655330324238 0.7605
1522 0.03074229624647212 0.761
1523 0.03204918212895406 0.7615000000000001
1524 0.03219198922868917 0.762
1525 0.03119567876199485 0.7625
1526 0.02918824394231532 0.763
1527 0.02573376194005959 0.7635000000000001
1528 0.02061663177110255 0.764
1529 0.01476275405859171 0.7645
1530 0.009817802518434112 0.765
1531 0.007924651764282318 0.7655000000000001
1532 0.009971478343269594 0.766
1533 0.01470439759279114 0.7665
1534 0.01983455094836337 0.767
1535 0.02434663460284949 0.7675000000000001
1536 0.02807538834378336 0.768
1537 0.03146714102426027 0.7685
1538 0.03443934856051395 0.769
1539 0.03650649374299105 0.7695000000000001
1540 0.03723406251491925 0.77
1541 0.03698058297706379 0.7705
1542 0.03630536893714981 0.771
1543 0.03474076264876185 0.7715000000000001
1544 0.03183377912883874 0.772
1545 0.0273462379844663 0.7725
1546 0.02140810959312026 0.773
1547 0.0150781646541372 0.7735000000000001
1548 0.01030237394024352 0.774
1549 0.009226207347756693 0.7745
1550 0.01172118516366825 0.775
1551 0.01606779291317907 0.7755000000000001
1552 0.02056946455111375 0.776
1553 0.02447587553446673 0.7765
1554 0.02792454546908678 0.777
1555 0.03119409341837521 0.7775000000000001
1556 0.03421226572890657 0.778
1557 0.0360757203147981 0.7785
1558 0.03668904987665873 0.779
1559 0.03657069239319531 0.7795000000000001
1560 0.03588544368236173 0.78
1561 0.03438323796850677 0.7805
1562 0.0317946370693093 0.781
1563 0.02762766612099678 0.7815000000000001
1564 0.02164505476212389 0.782
1565 0.01474633485787463 0.7825
1566 0.008932781361787961 0.783
1567 0.006831307232841123 0.7835000000000001
1568 0.009208512305265166 0.784
1569 0.01425860718852243 0.7845
1570 0.01955619210142616 0.785
1571 0.02386250936738582 0.7855000000000001
1572 0.02734252651170588 0.786
1573 0.0306967338465877 0.7865
1574 0.03398793687333283 0.787
1575 0.03610647058771946 0.7875000000000001
1576 0.03668187818429708 0.788
1577 0.03636988581082832 0.7885
1578 0.03558183241693781 0.7889999999999999
1579 0.03414678246941936 0.7895
1580 0.03176031059117267 0.79
1581 0.02766516464209354 0.7905
1582 0.02186150099179821 0.7909999999999999
1583 0.01536165062124467 0.7915
1584 0.01002488710593119 0.792
1585 0.008322143863857627 0.7925
1586 0.01049391310877128 0.7929999999999999
1587 0.01499786276709372 0.7935
1588 0.01954045484760668 0.794
1589 0.02326921059020858 0.7945
1590 0.02626666328509997 0.7949999999999999
1591 0.02892492002578987 0.7955
1592 0.0313075078488595 0.796
1593 0.03245818801331549 0.7965
1594 0.0319388197743677 0.7969999999999999
1595 0.02987142565515343 0.7975
1596 0.02624350562751424 0.798
1597 0.02095223014471322 0.7985
1598 0.0151075767183994 0.7989999999999999
1599 0.01043479327508006 0.7995
1600 0.009057785219487286 0.8
1601 0.01124100412116547 0.8005
1602 0.01541239368557412 0.8009999999999999
1603 0.01960536355834088 0.8015
1604 0.02329770058093596 0.802
1605 0.0264923832361609 0.8025
1606 0.02916601890433666 0.8029999999999999
1607 0.03125493469839873 0.8035
1608 0.03235872838372584 0.804
1609 0.03231830818534046 0.8045
1610 0.03136082387937271 0.8049999999999999
1611 0.02949201518052174 0.8055
1612 0.0261192778673073 0.806
1613 0.02112464738072937 0.8065
1614 0.01554335538047833 0.8069999999999999
1615 0.0109970224857094 0.8075
1616 0.009452733959667319 0.8080000000000001
1617 0.01155458529340046 0.8085
1618 0.01590742480169122 0.8089999999999999
1619 0.02048331052666212 0.8095
1620 0.02458509750037298 0.8100000000000001
1621 0.02802693287809611 0.8105
1622 0.03101493566007055 0.8109999999999999
1623 0.03355855647642349 0.8115
1624 0.03505605389562935 0.8120000000000001
1625 0.03524643916158678 0.8125
1626 0.03425439360878941 0.8129999999999999
1627 0.03238508804060876 0.8135
1628 0.02898299913911615 0.8140000000000001
1629 0.02390726855110238 0.8145
1630 0.01792093702592545 0.8149999999999999
1631 0.01244899436463458 0.8155
1632 0.009539045131193549 0.8160000000000001
1633 0.01043260357024991 0.8165
1634 0.01395292020440689 0.8169999999999999
1635 0.01822754528601293 0.8175
1636 0.02220025605799335 0.8180000000000001
1637 0.02549066134595461 0.8185
1638 0.02828510109940044 0.819
1639 0.03066302796662879 0.8195
1640 0.03222758994546823 0.8200000000000001
1641 0.03260356234190128 0.8205
1642 0.03184060644528309 0.821
1643 0.03012568919962113 0.8215
1644 0.02702660621242279 0.8220000000000001
1645 0.02226900950199564 0.8225
1646 0.01635834029835867 0.823
1647 0.01085255184070234 0.8235
1648 0.007685749776984089 0.8240000000000001
1649 0.008444377728408614 0.8245
1650 0.01242348601956772 0.825
1651 0.01747677257582669 0.8255
1652 0.02218813939864679 0.8260000000000001
1653 0.02616542673517628 0.8265
1654 0.02971770984968132 0.827
1655 0.03282827977089477 0.8275
1656 0.03538897192141451 0.8280000000000001
1657 0.03655398113571685 0.8285
1658 0.03664719565686286 0.829
1659 0.03627954722456307 0.8295
1660 0.03537955534001336 0.8300000000000001
1661 0.03348030279028647 0.8305
1662 0.03021192471725636 0.831
1663 0.02533660685794465 0.8315
1664 0.01896295826372197 0.8320000000000001
1665 0.01261082502831722 0.8325
1666 0.008393850892092134 0.833
1667 0.008399175431582058 0.8335
1668 0.01183917286755386 0.8340000000000001
1669 0.01679324760804511 0.8345
1670 0.02147507887724445 0.835
1671 0.02527969961051323 0.8355
1672 0.02877751444812415 0.8360000000000001
1673 0.03218442798906334 0.8365
1674 0.03513959164804559 0.837
1675 0.03670231632542077 0.8375
1676 0.03700020143271334 0.8380000000000001
1677 0.0366375329962195 0.8385
1678 0.03573503467171116 0.839
1679 0.03403116564224218 0.8395
1680 0.03104246322644071 0.8400000000000001
1681 0.02630804853843602 0.8405
1682 0.02002194736773829 0.841
1683 0.01342464941977622 0.8415
1684 0.008725085153116888 0.8420000000000001
1685 0.008130975428790861 0.8425
1686 0.01115651746251948 0.843
1687 0.01601472692237282 0.8435
1688 0.02060491949226528 0.8440000000000001
1689 0.02417647406654189 0.8445
1690 0.02722338618204617 0.845
1691 0.03025182522453038 0.8455
1692 0.03284267776884847 0.8460000000000001
1693 0.03409247528380772 0.8465
1694 0.0341537012818099 0.847
1695 0.03330831111109597 0.8475
1696 0.03152654724592396 0.8480000000000001
1697 0.02842688031305173 0.8485
1698 0.02360523141159584 0.849
1699 0.01752402727242932 0.8495
1700 0.01184502429312891 0.8500000000000001
1701 0.008624784038562624 0.8505
1702 0.009547154316976772 0.851
1703 0.01347308525254775 0.8515
1704 0.01833597625252679 0.852
1705 0.02268736531915205 0.8525
1706 0.02618180906395014 0.853
1707 0.02916128887552726 0.8534999999999999
1708 0.03165361820109808 0.854
1709 0.03334196338431853 0.8545
1710 0.03350762383255386 0.855
1711 0.0321811112111503 0.8554999999999999
1712 0.02962541832551228 0.856
1713 0.02545610111978759 0.8565
1714 0.01977435534127334 0.857
1715 0.01393122294394656 0.8574999999999999
1716 0.009731080952419469 0.858
1717 0.009069612080896594 0.8585
1718 0.01171493032245909 0.859
1719 0.01603511763175052 0.8594999999999999
1720 0.02034050377035686 0.86
1721 0.02398231733626343 0.8605
1722 0.02715860372245375 0.861
1723 0.02979684180834672 0.8614999999999999
1724 0.0317375237603718 0.862
1725 0.03265639218008764 0.8625
1726 0.03241857868428017 0.863
1727 0.03136254327044511 0.8634999999999999
1728 0.0293836737952515 0.864
1729 0.02583746163446278 0.8645
1730 0.02071244273468792 0.865
1731 0.01494821872646873 0.8654999999999999
1732 0.01010858878022218 0.866
1733 0.008209002818878576 0.8665
1734 0.01012392174456799 0.867
1735 0.01454097193607612 0.8674999999999999
1736 0.01928991813952861 0.868
1737 0.02349627417339925 0.8685
1738 0.02695014456685369 0.869
1739 0.03003654906574291 0.8694999999999999
1740 0.03273278059019936 0.87
1741 0.03440742338401505 0.8705000000000001
1742 0.0347543594794613 0.871
1743 0.03391392104729646 0.8714999999999999
1744 0.0321826361170189 0.872
1745 0.02904223621538514 0.8725000000000001
1746 0.02418994212249834 0.873
1747 0.0181477860284175 0.8734999999999999
1748 0.01236638203370686 0.874
1749 0.00871221529650312 0.8745000000000001
1750 0.009128384944397012 0.875
1751 0.01258471563467618 0.8754999999999999
1752 0.01737410992196836 0.876
1753 0.02185872680146542 0.8765000000000001
1754 0.02554561724095589 0.877
1755 0.02872918133457501 0.8774999999999999
1756 0.03149159973403889 0.878
1757 0.03357338908423285 0.8785000000000001
1758 0.03431222716743242 0.879
1759 0.03380601888916444 0.8794999999999999
1760 0.03238828949954605 0.88
1761 0.02977397727461131 0.8805000000000001
1762 0.02543386663323543 0.881
1763 0.01958250224445867 0.8815
1764 0.01339628151345257 0.882
1765 0.008568189047116148 0.8825000000000001
1766 0.007349846941012358 0.883
1767 0.00996322722700812 0.8835
1768 0.0147112396096023 0.884
1769 0.01960162843849699 0.8845000000000001
1770 0.02399161100827975 0.885
1771 0.02775428155150424 0.8855
1772 0.03106236883238236 0.886
1773 0.03396990679331069 0.8865000000000001
1774 0.03569115876941292 0.887
1775 0.03619933067952917 0.8875
1776 0.03602507805909739 0.888
1777 0.03553356217733752 0.8885000000000001
1778 0.0342441412727966 0.889
1779 0.03189112225357182 0.8895
1780 0.0280769768304252 0.89
1781 0.02250049586417622 0.8905000000000001
1782 0.01579335528027313 0.891
1783 0.009795727922550689 0.8915
1784 0.007084928661718524 0.892
1785 0.008727776168404779 0.8925000000000001
1786 0.01330622932716168 0.893
1787 0.01847092322758073 0.8935
1788 0.02294560543141467 0.894
1789 0.02650895772974718 0.8945000000000001
1790 0.02995043617733076 0.895
1791 0.03334586477323553 0.8955
1792 0.03578137727586179 0.896
1793 0.0366491416128826 0.8965000000000001
1794 0.03649287180796318 0.897
1795 0.03571443500019768 0.8975
1796 0.03421517862514343 0.898
1797 0.03161790469434178 0.8985000000000001
1798 0.02732509820577096 0.899
1799 0.02137929313985248 0.8995
1800 0.01485613544335954 0.9
1801 0.009692581993893489 0.9005000000000001
1802 0.00826991643431735 0.901
1803 0.01068816887746587 0.9015
1804 0.0152903689065907 0.902
1805 0.01991168745351956 0.9025000000000001
1806 0.02360835332194602 0.903
1807 0.02663552500398719 0.9035
1808 0.02933537026968814 0.904
1809 0.03178872736611873 0.9045000000000001
1810 0.03299846398151444 0.905
1811 0.03276773510177828 0.9055
1812 0.03130669689000354 0.906
1813 0.0285228406178506 0.9065000000000001
1814 0.02400901792535477 0.907
1815 0.01811565433117932 0.9075
1816 0.01237878381458508 0.908
1817 0.00869510078358152 0.9085000000000001
1818 0.008930918922451472 0.909
1819 0.01244902437179183 0.9095
1820 0.01718457160758155 0.91
1821 0.02163848678545433 0.9105000000000001
1822 0.02535818005709046 0.911
1823 0.02857375818462517 0.9115
1824 0.03120491067184649 0.912
1825 0.03303819535545777 0.9125000000000001
1826 0.03365246320427202 0.913
1827 0.03296614181562121 0.9135
1828 0.03133869346464025 0.914
1829 0.02855722928783412 0.9145000000000001
1830 0.02397703063826821 0.915
1831 0.0181243080316047 0.9155
1832 0.01244108597399458 0.916
1833 0.008629415095777021 0.9165
1834 0.008589968161034167 0.917
1835 0.011696125318271 0.9175
1836 0.01633822393627079 0.9179999999999999
1837 0.02080584369674596 0.9185
1838 0.02455596755259563 0.919
1839 0.02778572054388648 0.9195
1840 0.03052907776083914 0.9199999999999999
1841 0.03267221754521082 0.9205
1842 0.03359826298088758 0.921
1843 0.03335581829645011 0.9215
1844 0.03233403957364892 0.9219999999999999
1845 0.03037415885736517 0.9225
1846 0.02685565149391951 0.923
1847 0.02177144069224279 0.9235
1848 0.01575693831596549 0.9239999999999999
1849 0.01034233113242964 0.9245
1850 0.007648444539072197 0.925
1851 0.008976915744867088 0.9255
1852 0.01319855097333367 0.9259999999999999
1853 0.01810689039167768 0.9265
1854 0.02248254240446267 0.927
1855 0.02601004167809432 0.9275
1856 0.02914541370953266 0.9279999999999999
1857 0.03194095620778929 0.9285
1858 0.03387289251945491 0.929
1859 0.03438651263484516 0.9295
1860 0.03367105581250632 0.9299999999999999
1861 0.03200457912393839 0.9305
1862 0.02902771646737415 0.931
1863 0.02431816630777584 0.9315
1864 0.01829659511121265 0.9319999999999999
1865 0.01235566585648574 0.9325
1866 0.008359185410144569 0.9330000000000001
1867 0.008404530592423878 0.9335
1868 0.01175496927677269 0.9339999999999999
1869 0.01667906141429236 0.9345
1870 0.02137075034279667 0.9350000000000001
1871 0.02531421474548708 0.9355
1872 0.0287189619267438 0.9359999999999999
1873 0.03169765367646659 0.9365
1874 0.03408815450528552 0.9370000000000001
1875 0.03516202893598465 0.9375
1876 0.03505453975125344 0.9379999999999999
1877 0.03418154764054901 0.9385
1878 0.0323733109705386 0.9390000000000001
1879 0.02910488006995484 0.9395
1880 0.02416789526766368 0.9399999999999999
1881 0.0180058373449083 0.9405
1882 0.01195620748872746 0.9410000000000001
1883 0.007972318864807123 0.9415
1884 0.008041460606533338 0.9419999999999999
1885 0.01143799488864053 0.9425
1886 0.01623992177771548 0.9430000000000001
1887 0.02086470115749616 0.9435
1888 0.02478340466221685 0.944
1889 0.02826865380831298 0.9445
1890 0.03137281441602739 0.9450000000000001
1891 0.03403138382827332 0.9455
1892 0.03532529782434918 0.946
1893 0.03550991982507271 0.9465
1894 0.03516644574429154 0.9470000000000001
1895 0.03428873424985829 0.9475
1896 0.03261204887151332 0.948
1897 0.02967738380532705 0.9485
1898 0.02511999061719714 0.9490000000000001
1899 0.01892665955707104 0.9495
1900 0.0123945069180414 0.95
1901 0.007660164830560423 0.9505
1902 0.007066570000512833 0.9510000000000001
1903 0.01049189752322454 0.9515
1904 0.01577695898572319 0.952
1905 0.02077023020003996 0.9525
1906 0.02467148293902406 0.9530000000000001
1907 0.02799376204257106 0.9535
1908 0.03129672613325397 0.954
1909 0.03417086960856068 0.9545
1910 0.03566638767057596 0.9550000000000001
1911 0.03578982574757996 0.9555
1912 0.03488401061244898 0.956
1913 0.03308009190183109 0.9565
1914 0.02993049248454332 0.9570000000000001
1915 0.02511020862594549 0.9575
1916 0.01890888060405083 0.958
1917 0.01286489679109095 0.9585
1918 0.009108781083075057 0.9590000000000001
1919 0.009432887463120924 0.9595
1920 0.01278393270694239 0.96
1921 0.01738503624764397 0.9605
1922 0.02170356459520211 0.9610000000000001
1923 0.02515434055532596 0.9615
1924 0.0280743797243858 0.962
1925 0.03053810736540134 0.9625
1926 0.0322787143709292 0.9630000000000001
1927 0.03266729193801262 0.9635
1928 0.03171552286724524 0.964
1929 0.02961355775805815 0.9645
1930 0.02603279291649608 0.9650000000000001
1931 0.02077264913666198 0.9655
1932 0.01483341388870155 0.966
1933 0.009916237396464049 0.9665
1934 0.007990225506730984 0.9670000000000001
1935 0.009841864461381734 0.9675
1936 0.01402337092236327 0.968
1937 0.01856757899815971 0.9685
1938 0.02268078088742828 0.9690000000000001
1939 0.02616116703211206 0.9695
1940 0.02914283637225007 0.97
1941 0.03158207674201491 0.9705
1942 0.03302469293366851 0.9710000000000001
1943 0.03328427109356004 0.9715
1944 0.03257329358850328 0.972
1945 0.03117070791374837 0.9725
1946 0.02847711335264089 0.9730000000000001
1947 0.02417300325947201 0.9735
1948 0.01853473776643677 0.974
1949 0.01273305548138175 0.9745
1950 0.008510616000867655 0.9750000000000001
1951 0.007980574106271355 0.9755
1952 0.01098222371712228 0.976
1953 0.01579658121868231 0.9765
1954 0.02049111342634053 0.9770000000000001
1955 0.02443124424764075 0.9775
1956 0.02775725523464113 0.978
1957 0.03073211989524941 0.9785
1958 0.0333028958038666 0.9790000000000001
1959 0.03458319129792334 0.9795
1960 0.03459292357367761 0.98
1961 0.0336409415788982 0.9804999999999999
1962 0.03174367358873634 0.981
1963 0.02839849853590153 0.9815
1964 0.02335898516426608 0.982
1965 0.01724656234333696 0.9824999999999999
1966 0.0115064647518272 0.983
1967 0.008207656656932379 0.9835
1968 0.00896047512543155 0.984
1969 0.01271745268910328 0.9844999999999999
1970 0.01749693748297428 0.985
1971 0.02190073898946627 0.9855
1972 0.0254859739995128 0.986
1973 0.02858981275675236 0.9864999999999999
1974 0.03132194902159233 0.987
1975 0.03328621553688425 0.9875
1976 0.03386844248445109 0.988
1977 0.03324469223763516 0.9884999999999999
1978 0.03168265547889496 0.989
1979 0.02885620086154477 0.9895
1980 0.02430868301096898 0.99
1981 0.01837065711032668 0.9904999999999999
1982 0.01235915173398744 0.991
1983 0.008108811492953175 0.9915
1984 0.007736368924026871 0.992
1985 0.01094204207213178 0.9924999999999999
1986 0.01590254155832623 0.993
1987 0.02072769448453768 0.9935
1988 0.0248903227933123 0.994
1989 0.02846049040920396 0.9944999999999999
1990 0.03157617122572749 0.995
1991 0.0342410145199902 0.9955000000000001
1992 0.03561484256247018 0.996
1993 0.03583303214822704 0.9964999999999999
1994 0.03536358015264888 0.997
1995 0.03434859156129709 0.9975000000000001
1996 0.0322263865919252 0.998
1997 0.02865546995971294 0.9984999999999999
1998 0.02349322467284169 0.999
1999 0.01711926250556402 0.9995000000000001
2000 0.01111090254236179 1
2001 0.007807000357804863 1.0005
2002 0.008624552563949055 1.001
2003 0.01251082497633712 1.0015
2004 0.01741970279655513 1.002
2005 0.02187787543763205 1.0025
2006 0.02548037371679117 1.003
2007 0.02876893166629905 1.0035
2008 0.03189037585719194 1.004
2009 0.03428649530983081 1.0045
2010 0.03522498574599967 1.005
2011 0.03510778076720029 1.0055
2012 0.0342856697728716 1.006
2013 0.0325898970178938 1.0065
2014 0.02973715820998711 1.007
2015 0.02517700431918719 1.0075
2016 0.01912279985604367 1.008
2017 0.01276477336115225 1.0085
2018 0.00820001317925332 1.009
2019 0.007665053577963482 1.0095
2020 0.01087163248713396 1.01
2021 0.01590793448194884 1.0105
2022 0.02072911137055597 1.011
2023 0.02455286180741242 1.0115
2024 0.0277833256452149 1.012
2025 0.0307013784565581 1.0125
2026 0.03325598815481318 1.013
2027 0.03438489303292272 1.0135
2028 0.03412912584775878 1.014
2029 0.03272702713073299 1.0145
2030 0.03013074907526544 1.015
2031 0.02587608069318163 1.0155
2032 0.02006042096339233 1.016
2033 0.01399895082676003 1.0165
2034 0.009407372715882141 1.017
2035 0.008488313883882471 1.0175
2036 0.01107341453784387 1.018
2037 0.01556269208043116 1.0185
2038 0.02004826251807647 1.019
2039 0.02389924061020262 1.0195
2040 0.02717995421623162 1.02
2041 0.02990098239204867 1.0205
2042 0.03208048565624844 1.021
2043 0.03309846285119923 1.0215
2044 0.03290541721061679 1.022
2045 0.0317565808426574 1.0225
2046 0.02968393671775419 1.023
2047 0.02598142625508455 1.0235
2048 0.02070502420842423 1.024
2049 0.0147743750376728 1.0245
2050 0.009769280072353453 1.025
2051 0.007701554182861502 1.0255
2052 0.009437916584486112 1.026
2053 0.01365792993800802 1.0265
2054 0.01831920444354733 1.027
2055 0.02254555881297809 1.0275
2056 0.0260521808442896 1.028
2057 0.0291207751767283 1.0285
2058 0.03180191534042347 1.029
2059 0.03350700555065687 1.0295
2060 0.0339573770690512 1.03
2061 0.03346702336698008 1.0305
2062 0.0323667120340587 1.031
2063 0.03017359552150901 1.0315
2064 0.02650744105944771 1.032
2065 0.02126165116075058 1.0325
2066 0.0151385917998899 1.033
2067 0.009761582185377645 1.0335
2068 0.007523294448938289 1.034
2069 0.009319565390697322 1.0345
2070 0.01390530962113599 1.035
2071 0.01892918359746259 1.0355
2072 0.0232552285337897 1.036
2073 0.02670901456271608 1.0365
2074 0.02984431131917775 1.037
2075 0.03266783950462823 1.0375
2076 0.03448172681890696 1.038
2077 0.03484258631462443 1.0385
2078 0.03386422659628089 1.039
2079 0.03183697316839593 1.0395
2080 0.02831799125526028 1.04
2081 0.02309675244689447 1.0405
2082 0.0169277029014998 1.041
2083 0.01137924609385665 1.0415
2084 0.008593153545497606 1.042
2085 0.009767480238253716 1.0425
2086 0.01359028147687743 1.043
2087 0.01815759887237336 1.0435
2088 0.02240225873797318 1.044
2089 0.02595703248889216 1.0445
2090 0.02899565336965292 1.045
2091 0.03161240954923808 1.0455
2092 0.03330862189684015 1.046
2093 0.03377903089570421 1.0465
2094 0.0332911229642058 1.047
2095 0.03211176688424815 1.0475
2096 0.0298194448725102 1.048
2097 0.02599353398119301 1.0485
2098 0.0205939368937823 1.049
2099 0.01443352261257544 1.0495
2100 0.0091216091972291 1.05
2101 0.006977714009876554 1.0505
2102 0.008819453926513805 1.051
2103 0.01341037000786739 1.0515
2104 0.01847136349599192 1.052
2105 0.02295151269769974 1.0525
2106 0.02663844591085379 1.053
2107 0.02998984405226182 1.0535
2108 0.03306713482609586 1.054
2109 0.03513333859532661 1.0545
2110 0.03583335643106395 1.055
2111 0.03560938616870406 1.0555
2112 0.03485247285087865 1.056
2113 0.0332382244336077 1.0565
2114 0.03042840725675505 1.057
2115 0.0259810274615734 1.0575
2116 0.01998401149063204 1.058
2117 0.01359702837061703 1.0585
2118 0.00881494275032094 1.059
2119 0.00792569192723048 1.0595
2120 0.01077944018067303 1.06
2121 0.01566146262058462 1.0605
2122 0.02044752519806264 1.061
2123 0.02434523504590027 1.0615
2124 0.02760058613293585 1.062
2125 0.03064437801591042 1.0625
2126 0.03333512749263078 1.063
2127 0.03468674203859341 1.0635
2128 0.03468209814036396 1.064
2129 0.03359528364369613 1.0645
2130 0.03145004599077519 1.065
2131 0.02780117428622316 1.0655
2132 0.02245595922111044 1.066
2133 0.01621174159024708 1.0665
2134 0.01064217213198503 1.067
2135 0.00809864591372865 1.0675
2136 0.009518935644820181 1.068
2137 0.01362551311210021 1.0685
2138 0.01830004000554041 1.069
2139 0.02255064054331707 1.0695
2140 0.02604644011287997 1.07
2141 0.02905217884197771 1.0705
2142 0.03160603993918318 1.071
2143 0.03321164193257955 1.0715
2144 0.03349172716845753 1.072
2145 0.032715516122088 1.0725
2146 0.03105697288265878 1.073
2147 0.02801014556018232 1.0735
2148 0.02330955009720748 1.074
2149 0.01737402441744595 1.0745
2150 0.01164402084518047 1.075
2151 0.007931620527461937 1.0755
2152 0.008205700661967998 1.076
2153 0.01163595418230848 1.0765
2154 0.01642612846392585 1.077
2155 0.0209672327308672 1.0775
2156 0.02473280996999397 1.078
2157 0.02799210308171036 1.0785
2158 0.03081763036447821 1.079
2159 0.03305813744827429 1.0795
2160 0.03397766030418728 1.08
2161 0.03377811857488287 1.0805
2162 0.03285560944492486 1.081
2163 0.03099194323492213 1.0815
2164 0.0277099241505677 1.082
2165 0.02279617250852228 1.0825
2166 0.01675919574813928 1.083
2167 0.01102967358305992 1.0835
2168 0.007651552350848762 1.084
2169 0.008329766247549174 1.0845
2170 0.01217493331520698 1.085
2171 0.01709907673727348 1.0855
2172 0.02162575785914922 1.086
2173 0.02529242103367667 1.0865
2174 0.02849867048192306 1.087
2175 0.03140457533942193 1.0875
2176 0.03363679085429702 1.088
2177 0.03445564157367234 1.0885
2178 0.03410971319528752 1.089
2179 0.03295011662964636 1.0895
2180 0.03071164330666547 1.09
2181 0.02694386716340131 1.0905
2182 0.02153149734216163 1.091
2183 0.01532809931088375 1.0915
2184 0.009898532050665376 1.092
2185 0.007675634577651636 1.0925
2186 0.00941399262257891 1.093
2187 0.01387024830929041 1.0935
2188 0.01875868758566999 1.094
2189 0.02308418795423415 1.0945
2190 0.0266120868434584 1.095
2191 0.0297101083662259 1.0955
2192 0.03241858859212055 1.096
2193 0.03407405611594896 1.0965
2194 0.03434693323613858 1.097
2195 0.0334153156173595 1.0975
2196 0.0315155050419632 1.098
2197 0.02812873154763899 1.0985
2198 0.02303853722327254 1.099
2199 0.01687581881843822 1.0995
2200 0.01121564984384368 1.1
2201 0.007990006010531365 1.1005
2202 0.008846107162613201 1.101
2203 0.01258826350209064 1.1015
2204 0.01738582662499475 1.102
2205 0.02185808926907462 1.1025
2206 0.02561040575136606 1.103
2207 0.02884931747142613 1.1035
2208 0.03168845004842928 1.104
2209 0.03373500259004671 1.1045
2210 0.03446559420135158 1.105
2211 0.03424476637768303 1.1055
2212 0.03341973525686696 1.106
2213 0.03171350802537327 1.1065
2214 0.02866370608977725 1.107
2215 0.02401030426611916 1.1075
2216 0.01799307057982962 1.108
2217 0.01184547347849444 1.1085
2218 0.007681362596228491 1.109
2219 0.007474384387411203 1.1095
2220 0.01092656072093707 1.11
2221 0.01594248207646098 1.1105
2222 0.02072698024212546 1.111
2223 0.02466975168675135 1.1115
2224 0.02808138944129934 1.112
2225 0.03123139067583355 1.1125
2226 0.03393820197838355 1.113
2227 0.03524853410625393 1.1135
2228 0.03533883397957081 1.114
2229 0.03458867344392056 1.1145
2230 0.03304549702912293 1.115
2231 0.03030926691295262 1.1155
2232 0.02590468370419828 1.116
2233 0.01997672894348299 1.1165
2234 0.01368787939550535 1.117
2235 0.008895179735276246 1.1175
2236 0.008000966540195199 1.118
2237 0.01080179345158441 1.1185
2238 0.01563595500605851 1.119
2239 0.02043184153043236 1.1195
2240 0.02433499930112896 1.12
2241 0.02761934903324654 1.1205
2242 0.03050128070332336 1.121
2243 0.03305473702508114 1.1215
2244 0.0342438344683069 1.122
2245 0.03403837224213642 1.1225
2246 0.03265285274015563 1.123
2247 0.03010551628539933 1.1235
2248 0.02587062265598774 1.124
2249 0.02007926486762865 1.1245
2250 0.01401450684983866 1.125
2251 0.009309567023103548 1.1255
2252 0.00824130292400589 1.126
2253 0.01067677050407901 1.1265
2254 0.0151350340395373 1.127
2255 0.01963009833485962 1.1275
2256 0.02357996608172443 1.128
2257 0.02692538298493098 1.1285
2258 0.02974106499414972 1.129
2259 0.03206440594157696 1.1295
2260 0.03325050437428564 1.13
2261 0.03327225947453376 1.1305
2262 0.03249324913060037 1.131
2263 0.03099338742086035 1.1315
2264 0.02813207889090358 1.132
2265 0.0236784525305391 1.1325
2266 0.01791238841130666 1.133
2267 0.01206365895757112 1.1335
2268 0.007997003453799435 1.134
2269 0.007722116902670199 1.1345
2270 0.01100875364903868 1.135
2271 0.01589630889515106 1.1355
2272 0.02061306518612019 1.136
2273 0.0245618269872324 1.1365
2274 0.02793366428606741 1.137
2275 0.0309729108203266 1.1375
2276 0.03359320889465303 1.138
2277 0.0348634969074168 1.1385
2278 0.03492606191512514 1.139
2279 0.03411928240151936 1.1395
2280 0.03248887322681497 1.14
2281 0.0295504915057969 1.1405
2282 0.02493775717173725 1.141
2283 0.01897232936320572 1.1415
2284 0.01286531494446977 1.142
2285 0.008503009555239575 1.1425
2286 0.008142301015082291 1.143
2287 0.01123422686497422 1.1435
2288 0.01603415438114094 1.144
2289 0.02069870251324532 1.1445
2290 0.02446704921865821 1.145
2291 0.02767305361770908 1.1455
2292 0.03049107619443684 1.146
2293 0.03289544525459835 1.1465
2294 0.03391085396230342 1.147
2295 0.03362599822045078 1.1475
2296 0.0322826488302907 1.148
2297 0.02984043419417233 1.1485
2298 0.02576373976212059 1.149
2299 0.02006902509220384 1.1495
2300 0.01396873642259886 1.15
2301 0.009084970401116844 1.1505
2302 0.007723634880756574 1.151
2303 0.01013885725529313 1.1515
2304 0.01479061451611342 1.152
2305 0.01953054045550378 1.1525
2306 0.02370135490064648 1.153
2307 0.02719417816356882 1.1535
2308 0.03021310254080975 1.154
2309 0.03272949511013131 1.1545
2310 0.03409693007609649 1.155
2311 0.03418107187643518 1.1555
2312 0.03326814287006023 1.156
2313 0.03150153536826945 1.1565
2314 0.02827362856217672 1.157
2315 0.02339483963799661 1.1575
2316 0.0172992416447035 1.158
2317 0.01145886617883035 1.1585
2318 0.007733794627374736 1.159
2319 0.008027314592638899 1.1595
2320 0.01155546253086931 1.16
2321 0.01643729688328887 1.1605
2322 0.02109483511563757 1.161
2323 0.02500597578645225 1.1615
2324 0.02841361125984077 1.162
2325 0.03140073499177189 1.1625
2326 0.0338459425675335 1.163
2327 0.03492979583912294 1.1635
2328 0.03493759122033244 1.164
2329 0.03432809100717871 1.1645
2330 0.03298122286678849 1.165
2331 0.03047119436466771 1.1655
2332 0.02638965254993643 1.166
2333 0.02076263980011451 1.1665
2334 0.01436748691260851 1.167
2335 0.009027423977268049 1.1675
2336 0.007257654459534846 1.168
2337 0.009513442736055091 1.1685
2338 0.01422906144195936 1.169
2339 0.01916555579568105 1.1695
2340 0.0233427063043373 1.17
2341 0.02672360678429574 1.1705
2342 0.02985424752835875 1.171
2343 0.03274481936129148 1.1715
2344 0.03440579688411809 1.172
2345 0.03467181775491152 1.1725
2346 0.03384823041734456 1.173
2347 0.03205329694459251 1.1735
2348 0.02884737129435693 1.174
2349 0.02400000047839195 1.1745
2350 0.01785134446547043 1.175
2351 0.01194567125480804 1.1755
2352 0.00824261483553685 1.176
2353 0.008682874531412116 1.1765
2354 0.01225532025018778 1.177
2355 0.01707706813927447 1.1775
2356 0.02161679454240302 1.178
2357 0.0253230959354354 1.1785
2358 0.02853856834588431 1.179
2359 0.03130494381455547 1.1795
2360 0.03336743276776104 1.18
2361 0.03408133443665963 1.1805
2362 0.03359990899621351 1.181
2363 0.03224733162823545 1.1815
2364 0.02973329309142235 1.182
2365 0.02554263562067626 1.1825
2366 0.01983768847644324 1.183
2367 0.01376786684909757 1.1835
2368 0.008907398148568784 1.184
2369 0.007606313276605768 1.1845
2370 0.009947430468241205 1.185
2371 0.0144898855439499 1.1855
2372 0.01916696656559479 1.186
2373 0.02329290430662766 1.1865
2374 0.02675843651668727 1.187
2375 0.02976391013993057 1.1875
2376 0.03236139531412769 1.188
2377 0.03381418269689487 1.1885
2378 0.03404125762206009 1.189
2379 0.03344727472837433 1.1895
2380 0.03220271168916984 1.19
2381 0.02976798227910127 1.1905
2382 0.02583495900034635 1.191
2383 0.02033657818725262 1.1915
2384 0.01416757234422362 1.192
2385 0.009008914948760518 1.1925
2386 0.007273857815990019 1.193
2387 0.009509930994847333 1.1935
2388 0.01422684342401363 1.194
2389 0.01917282246530499 1.1945
2390 0.02341561837375777 1.195
2391 0.02684402466838959 1.1955
2392 0.02997736549940972 1.196
2393 0.03280681039562906 1.1965
2394 0.0344760927641445 1.197
2395 0.03477496557463289 1.1975
2396 0.03396107764338248 1.198
2397 0.03222902363572452 1.1985
2398 0.02909724772524622 1.199
2399 0.02430952548957666 1.1995
2400 0.0182284910637182 1.2
2401 0.01230432468829969 1.2005
2402 0.008447979203748459 1.201
2403 0.008675103448336371 1.2015
2404 0.01204995617276582 1.202
2405 0.0168369509593778 1.2025
2406 0.02138266993728144 1.203
2407 0.02509586502436078 1.2035
2408 0.02828415071194883 1.204
2409 0.03104030357140239 1.2045
2410 0.03315070282498643 1.205
2411 0.03392243712259085 1.2055
2412 0.03348366826310002 1.206
2413 0.03216011139366282 1.2065
2414 0.02969136354155292 1.207
2415 0.02555166543991164 1.2075
2416 0.01986944868719821 1.208
2417 0.01379323593025661 1.2085
2418 0.008909904781404413 1.209
2419 0.007552135109073259 1.2095
2420 0.009924186398780203 1.21
2421 0.0145499974240565 1.2105
2422 0.01929264754735672 1.211
2423 0.02348365059952245 1.2115
2424 0.02698547366748906 1.212
2425 0.03005937466778325 1.2125
2426 0.0326954433190783 1.213
2427 0.03416659077072033 1.2135
2428 0.03438988088826726 1.214
2429 0.03369795987021308 1.2145
2430 0.03228808829951819 1.215
2431 0.02961140730345905 1.2155
2432 0.02535004720447568 1.216
2433 0.01958653968734972 1.2165
2434 0.01339509201803386 1.217
2435 0.008507996339534035 1.2175
2436 0.007280054583490263 1.218
2437 0.00987888785689661 1.2185
2438 0.01465769658756435 1.219
2439 0.01956367188925612 1.2195
2440 0.02380181952167033 1.22
2441 0.02733101335047997 1.2205
2442 0.03050086964735158 1.221
2443 0.03333711195230701 1.2215
2444 0.03493983550760874 1.222
2445 0.0352673208478609 1.2225
2446 0.03469857586376015 1.223
2447 0.03341529397124679 1.2235
2448 0.03095014499608612 1.224
2449 0.02694148100383624 1.2245
2450 0.02133499950845907 1.225
2451 0.01502077532490366 1.2255
2452 0.009659418585505264 1.226
2453 0.007802955985764168 1.2265
2454 0.009814381508683445 1.227
2455 0.01430822459647465 1.2275
2456 0.01908074919570611 1.228
2457 0.02316859861565037 1.2285
2458 0.02650124348216864 1.229
2459 0.02946919595561396 1.2295
2460 0.03212583743247424 1.23
2461 0.03361893871172906 1.2305
2462 0.0337374861900196 1.231
2463 0.03269173674692528 1.2315
2464 0.03060304866902515 1.232
2465 0.02695995707596927 1.2325
2466 0.0216804753024596 1.233
2467 0.0155063540160324 1.2335
2468 0.01008316456485234 1.234
2469 0.007568995459198103 1.2345
2470 0.009077422086220772 1.235
2471 0.01327966537565623 1.2355
2472 0.01812597027543372 1.236
2473 0.02252918895702984 1.2365
2474 0.02618638019303211 1.237
2475 0.02936014622905891 1.2375
2476 0.03208173667203153 1.238
2477 0.03385002694418944 1.2385
2478 0.03432403108235357 1.239
2479 0.03380132157329511 1.2395
2480 0.03257163619246062 1.24
2481 0.03017889456204375 1.2405
2482 0.02621054675266472 1.241
2483 0.02070487798005176 1.2415
2484 0.0145417476907613 1.242
2485 0.009304057618334255 1.2425
2486 0.007383830924336652 1.243
2487 0.009331889232047828 1.2435
2488 0.01376610027443276 1.244
2489 0.01856012864883246 1.2445
2490 0.02281408399007514 1.245
2491 0.02632346245508358 1.2455
2492 0.02943317683960717 1.246
2493 0.03222155558521553 1.2465
2494 0.03391443435378807 1.247
2495 0.03430125142642575 1.2475
2496 0.03373431365134754 1.248
2497 0.0324354902392204 1.2485
2498 0.02995230523226394 1.249
2499 0.0259418502184989 1.2495
2500 0.02035740242014157 1.25
2501 0.01414415070014845 1.2505
2502 0.009002370362301237 1.251
2503 0.00737842327625252 1.2515
2504 0.00964287091597559 1.252
2505 0.01432536797577615 1.2525
2506 0.01921012036929412 1.253
2507 0.02342774669801415 1.2535
2508 0.02686887589260626 1.254
2509 0.0299580606358927 1.2545
2510 0.03270239394500886 1.255
2511 0.03426187403739983 1.2555
2512 0.03445942948130209 1.256
2513 0.03355568806472722 1.2565
2514 0.03167907580446597 1.257
2515 0.02834259131028413 1.2575
2516 0.02333951857729058 1.258
2517 0.01719952793504855 1.2585
2518 0.01144558531311461 1.259
2519 0.008046964960672478 1.2595
2520 0.008730303766957102 1.26
2521 0.01237801802348286 1.2605
2522 0.01715492358374326 1.261
2523 0.0216276503691624 1.2615
2524 0.02531636592858022 1.262
2525 0.0284898236694873 1.2625
2526 0.0312727192692035 1.263
2527 0.03329033144284484 1.2635
2528 0.03398923940126584 1.264
2529 0.03362217415203327 1.2645
2530 0.03250310602759076 1.265
2531 0.03033481494672809 1.2655
2532 0.02662195610868656 1.266
2533 0.02131332592019603 1.2665
2534 0.01515820282325967 1.267
2535 0.009706106593494055 1.2675
2536 0.007279348435624163 1.268
2537 0.008833249218579692 1.2685
2538 0.01319066555830802 1.269
2539 0.01813345355595742 1.2695
2540 0.02255187703608609 1.27
2541 0.02615874641604105 1.2705
2542 0.02938486114306395 1.271
2543 0.03229500654041197 1.2715
2544 0.03423419674669845 1.272
2545 0.03480960022248134 1.2725
2546 0.0343659145931013 1.273
2547 0.03322837666261337 1.2735
2548 0.03099191270680672 1.274
2549 0.0272775848092021 1.2745
2550 0.02193149758218308 1.275
2551 0.01565177709657541 1.2755
2552 0.0100271267983383 1.276
2553 0.007472781270962485 1.2765
2554 0.008947907168586634 1.277
2555 0.01328385251190866 1.2775
2556 0.01824170965093418 1.278
2557 0.02265833090404514 1.2785
2558 0.02622871435885243 1.279
2559 0.02943298433268187 1.2795
2560 0.03231853397840521 1.28
2561 0.03422280746180954 1.2805
2562 0.03475287251354087 1.281
2563 0.03413529377146478 1.2815
2564 0.03266485655575538 1.282
2565 0.02992605870765977 1.2825
2566 0.02553332020855709 1.283
2567 0.01967121805051482 1.2835
2568 0.01354515879916107 1.284
2569 0.008900347196907524 1.2845
2570 0.008119714762086032 1.285
2571 0.01080983771998273 1.2855
2572 0.01547909009733938 1.286
2573 0.02011958205183214 1.2865
2574 0.02399545702591026 1.287
2575 0.02726831708720281 1.2875
2576 0.0301010530100657 1.288
2577 0.03250837586857938 1.2885
2578 0.0336460541768105 1.289
2579 0.03349391452171051 1.2895
2580 0.0323077524559387 1.29
2581 0.03014111050024077 1.2905
2582 0.02636807055552665 1.291
2583 0.02096671206167926 1.2915
2584 0.01484768736979721 1.292
2585 0.009591739496099353 1.2925
2586 0.007371327220293203 1.293
2587 0.009105938501262668 1.2935
2588 0.01347050450437037 1.294
2589 0.01834185448297201 1.2945
2590 0.02274763889382148 1.295
2591 0.02639830431689264 1.2955
2592 0.02958964607371774 1.296
2593 0.03238271426799209 1.2965
2594 0.03415680986711616 1.297
2595 0.03464760471467446 1.2975
2596 0.03415940305802756 1.298
2597 0.03301658008383922 1.2985
2598 0.03074152789642045 1.299
2599 0.02694674020925654 1.2995
2600 0.0215615129890293 1.3
2601 0.01533210010971497 1.3005
2602 0.009805490376035024 1.301
2603 0.007418137923607541 1.3015
2604 0.009010811143729033 1.302
2605 0.0133619358198367 1.3025
2606 0.0182565006127405 1.303
2607 0.02259865886696893 1.3035
2608 0.02611634672138735 1.304
2609 0.02928442468719839 1.3045
2610 0.03213892791009691 1.305
2611 0.03397456685527862 1.3055
2612 0.03444931367692773 1.306
2613 0.03380678341569032 1.3065
2614 0.03232139805798195 1.307
2615 0.0295702575642338 1.3075
2616 0.02517613008859078 1.308
2617 0.01932288260333103 1.3085
2618 0.01319931356478715 1.309
2619 0.00857156190223219 1.3095
2620 0.007809285554782298 1.31
2621 0.01057547758118412 1.3105
2622 0.01532343913908925 1.311
2623 0.0200446365105581 1.3115
2624 0.02403183570190305 1.312
2625 0.02738846991904221 1.3125
2626 0.03031643678272724 1.313
2627 0.0328218291229895 1.3135
2628 0.03405053856276395 1.314
2629 0.03399865827704637 1.3145
2630 0.03297899533814602 1.315
2631 0.03100682347978643 1.3155
2632 0.02753592047677996 1.316
2633 0.02240264420987334 1.3165
2634 0.01624563643801175 1.317
2635 0.01059603876366735 1.3175
2636 0.007485345126768248 1.318
2637 0.008467015424917738 1.3185
2638 0.01242047861140005 1.319
2639 0.01734152523744964 1.3195
2640 0.02187248272676714 1.32
2641 0.025621529419643 1.3205
2642 0.02888356798649678 1.321
2643 0.0317911499979653 1.3215
2644 0.03390138661757854 1.322
2645 0.03462894430371909 1.3225
2646 0.03434036988008537 1.323
2647 0.03340913253409258 1.3235
2648 0.03148524027473396 1.324
2649 0.02815999594527255 1.3245
2650 0.02320679993665066 1.325
2651 0.01703541700189865 1.3255
2652 0.01110801150779608 1.326
2653 0.007630063485285815 1.3265
2654 0.00821500372532305 1.327
2655 0.01204532667315889 1.3275
2656 0.01703058576755825 1.328
2657 0.02159188716855731 1.3285
2658 0.02526308882097739 1.329
2659 0.02847505257968213 1.3295
2660 0.03141932185469735 1.33
2661 0.03366530455387037 1.3305
2662 0.0344704711582831 1.331
2663 0.03403499662074969 1.3315
2664 0.03269221062922649 1.332
2665 0.03017260231779308 1.3325
2666 0.02605986636125683 1.333
2667 0.02035672305931258 1.3335
2668 0.01415918591605738 1.334
2669 0.009107537497682835 1.3345
2670 0.007642117625392155 1.335
2671 0.009922302121460063 1.3355
2672 0.01453119007060862 1.336
2673 0.01930600401689624 1.3365
2674 0.02351817060034206 1.337
2675 0.02702658054479261 1.3375
2676 0.03007300062151333 1.338
2677 0.03270725346513081 1.3385
2678 0.0341694221933083 1.339
2679 0.03434981639987431 1.3395
2680 0.03356859553593897 1.34
2681 0.03197420298059152 1.3405
2682 0.02899559960912279 1.341
2683 0.02438138747522715 1.3415
2684 0.01842983093903138 1.342
2685 0.01243291660061908 1.3425
2686 0.008200307070694923 1.343
2687 0.007916048551956545 1.3435
2688 0.01100891741890961 1.344
2689 0.0157887446042564 1.3445
2690 0.02042875175051141 1.345
2691 0.02426512876761182 1.3455
2692 0.02753604876151596 1.346
2693 0.03041811017539476 1.3465
2694 0.0328416379056883 1.347
2695 0.03391202023572243 1.3475
2696 0.03378735171287041 1.348
2697 0.03277960465627977 1.3485
2698 0.03082143666664764 1.349
2699 0.02742350620782073 1.3495
2700 0.02235645871052241 1.35
2701 0.0162420362669288 1.3505
2702 0.01056176468382192 1.351
2703 0.007400010381076894 1.3515
2704 0.008320246378529831 1.352
2705 0.01231486425260996 1.3525
2706 0.01729089796885126 1.353
2707 0.02184583737595869 1.3535
2708 0.02557122262190163 1.354
2709 0.0288356574757015 1.3545
2710 0.03176699208039288 1.355
2711 0.03393446147395487 1.3555
2712 0.03469366789379127 1.356
2713 0.03431494129139783 1.3565
2714 0.03316632498285815 1.357
2715 0.03090707252918904 1.3575
2716 0.02713322384830657 1.358
2717 0.02172344855598809 1.3585
2718 0.01550945216192894 1.359
2719 0.009998609453564421 1.3595
2720 0.007631357748652016 1.36
2721 0.009177981120647416 1.3605
2722 0.01345387425727237 1.361
2723 0.01827188044768167 1.3615
2724 0.02260535644944012 1.362
2725 0.02615866397113392 1.3625
2726 0.02928884747397035 1.363
2727 0.03207850723648936 1.3635
2728 0.03385104292587462 1.364
2729 0.03429460192142151 1.3645
2730 0.03366105686938774 1.365
2731 0.0322284169296846 1.3655
2732 0.02952175130544122 1.366
2733 0.02517384711117442 1.3665
2734 0.0193697737009353 1.367
2735 0.0132665998974486 1.3675
2736 0.008592414439724272 1.368
2737 0.007697006953516922 1.3685
2738 0.01037997568355105 1.369
2739 0.01510478313829129 1.3695
2740 0.01982591878353564 1.37
2741 0.02386607057505287 1.3705
2742 0.027255628360381 1.371
2743 0.03024677610119233 1.3715
2744 0.03281913447967372 1.372
2745 0.034129035063527 1.3725
2746 0.03418948696173411 1.373
2747 0.03332259407099468 1.3735
2748 0.03160227195819875 1.374
2749 0.02848317370110401 1.3745
2750 0.02371916304985073 1.375
2751 0.01768776617204434 1.3755
2752 0.01172637958694176 1.376
2753 0.007774656773323714 1.3765
2754 0.007858868772807469 1.377
2755 0.01130719558230942 1.3775
2756 0.01623791139379559 1.378
2757 0.02093206294485471 1.3785
2758 0.02483613435966609 1.379
2759 0.02820311754701968 1.3795
2760 0.03119172468361635 1.38
2761 0.03368655483500453 1.3805
2762 0.03477757255026786 1.381
2763 0.03473117796587509 1.3815
2764 0.03390372708365612 1.382
2765 0.03222560435098728 1.3825
2766 0.02923525779033548 1.383
2767 0.02456146769968617 1.3835
2768 0.01855555790038133 1.384
2769 0.01244665105795264 1.3845
2770 0.008204448824453165 1.385
2771 0.008017855730814193 1.3855
2772 0.01131144348855601 1.386
2773 0.01621921013381078 1.3865
2774 0.02089274200193582 1.387
2775 0.02465539749089825 1.3875
2776 0.02788848932519849 1.388
2777 0.03075860108668367 1.3885
2778 0.03316786075587652 1.389
2779 0.03416659274804054 1.3895
2780 0.03383793238650661 1.39
2781 0.03245611344166849 1.3905
2782 0.02994532830594184 1.391
2783 0.02578489971656498 1.3915
2784 0.02002789733907849 1.392
2785 0.01391131501776273 1.3925
2786 0.009069686846484876 1.393
2787 0.007824449606133828 1.3935
2788 0.01026508997383442 1.394
2789 0.0148795884745764 1.3945
2790 0.01956634205077913 1.395
2791 0.02370947767662168 1.3955
2792 0.02718849296842936 1.396
2793 0.03018195450872371 1.3965
2794 0.0326876969606502 1.397
2795 0.0340347957231808 1.3975
2796 0.03412988406942999 1.398
2797 0.03333134637279199 1.3985
2798 0.03176868161881932 1.399
2799 0.02881993745909524 1.3995
2800 0.02423279019793392 1.4
2801 0.01831845829069332 1.4005
2802 0.01231740952144867 1.401
2803 0.008061099162098771 1.4015
2804 0.007704760128962648 1.402
2805 0.01086471371509084 1.4025
2806 0.01572423909828075 1.403
2807 0.02043947493300591 1.4035
2808 0.02436148229839075 1.404
2809 0.02770412085508662 1.4045
2810 0.03067125711803873 1.405
2811 0.03321883512506433 1.4055
2812 0.03438605142724414 1.406
2813 0.03435249587342188 1.4065
2814 0.0334167352658853 1.407
2815 0.03157936954842229 1.4075
2816 0.02835115203325915 1.408
2817 0.02343448299193319 1.4085
2818 0.01731398127797265 1.409
2819 0.01143016630588708 1.4095
2820 0.007769065984036496 1.41
2821 0.008232396811676845 1.4105
2822 0.01193271537664412 1.411
2823 0.01688187307518148 1.4115
2824 0.02149512653870786 1.412
2825 0.02523005650385404 1.4125
2826 0.02846352297218929 1.413
2827 0.03135789575084338 1.4135
2828 0.03359746798633875 1.414
2829 0.03441242154481838 1.4145
2830 0.03400648104830384 1.415
2831 0.03269401805307912 1.4155
2832 0.03022199552700061 1.416
2833 0.0261317794247907 1.4165
2834 0.02046496583674506 1.417
2835 0.01430079548764954 1.4175
2836 0.009223763691668954 1.418
2837 0.007649004715191494 1.4185
2838 0.009802493370770059 1.419
2839 0.01430282720985144 1.4195
2840 0.01903213257572912 1.42
2841 0.02323851959265245 1.4205
2842 0.02675955258197435 1.421
2843 0.02981993881605431 1.4215
2844 0.03246942492788858 1.422
2845 0.03399671260978786 1.4225
2846 0.03425656309839865 1.423
2847 0.03361940397388603 1.4235
2848 0.03228125866181798 1.424
2849 0.02969194445597972 1.4245
2850 0.02553792898806162 1.425
2851 0.01986174366426507 1.4255
2852 0.01368184713900274 1.426
2853 0.008702124141724492 1.4265
2854 0.007323608226323917 1.427
2855 0.009766154139957271 1.4275
2856 0.0144847377754589 1.428
2857 0.01932395430084426 1.4285
2858 0.02349451140754817 1.429
2859 0.02692932364485784 1.4295
2860 0.03003926218430369 1.43
2861 0.03278781445893206 1.4305
2862 0.03430762852597011 1.431
2863 0.03454601539388084 1.4315
2864 0.03378324688134196 1.432
2865 0.03218361249983476 1.4325
2866 0.02926381289590661 1.433
2867 0.02471206874560143 1.4335
2868 0.01875340394548531 1.434
2869 0.01266361026560013 1.4345
2870 0.008263533755918005 1.435
2871 0.007813630494890771 1.4355
2872 0.01085749647875553 1.436
2873 0.01568873648389637 1.4365
2874 0.02042038107788651 1.437
2875 0.02439267256292446 1.4375
2876 0.0277631584117714 1.438
2877 0.03072376288308222 1.4385
2878 0.03327127202053549 1.439
2879 0.03446743411449209 1.4395
2880 0.03445798202413072 1.44
2881 0.03357346456960476 1.4405
2882 0.03181274888984226 1.441
2883 0.02865854831491036 1.4415
2884 0.02382440157447489 1.442
2885 0.01776378055614022 1.4425
2886 0.0118268288661382 1.443
2887 0.007982096901580889 1.4435
2888 0.008242930844038427 1.444
2889 0.01178578233315997 1.4445
2890 0.016668708512182 1.445
2891 0.02124953388094828 1.4455
2892 0.02492832354288149 1.446
2893 0.02811257675119486 1.4465
2894 0.03090749460218651 1.447
2895 0.0331074280111951 1.4475
2896 0.03389009184404567 1.448
2897 0.03337836196584388 1.4485
2898 0.03187031795520502 1.449
2899 0.02914726737870335 1.4495
2900 0.02471601447613595 1.45
2901 0.01883163011511719 1.4505
2902 0.01282450232365551 1.451
2903 0.008403556917742451 1.4515
2904 0.007787876393977197 1.452
2905 0.01067228615203768 1.4525
2906 0.01542415725774158 1.453
2907 0.02010768173361129 1.4535
2908 0.0241790939039836 1.454
2909 0.02764740560611387 1.4545
2910 0.03062057071570888 1.455
2911 0.03310890214383604 1.4555
2912 0.03436024982537668 1.456
2913 0.03443237543809252 1.4565
2914 0.03370436042266689 1.457
2915 0.03232017373638676 1.4575
2916 0.02962307757195053 1.458
2917 0.02533259792042844 1.4585
2918 0.0195922032139748 1.459
2919 0.01340877424706155 1.4595
2920 0.008542735340547832 1.46
2921 0.007366054237989167 1.4605
2922 0.009979661331732347 1.461
2923 0.01472893595439218 1.4615
2924 0.01955167434566119 1.462
2925 0.02364362008904516 1.4625
2926 0.02703069038089841 1.463
2927 0.03010765361744796 1.4635
2928 0.03284482092324255 1.464
2929 0.0342885391337042 1.4645
2930 0.0344432322917028 1.465
2931 0.03358372040041288 1.4655
2932 0.03180873348193063 1.466
2933 0.02864130011232692 1.4665
2934 0.02381764594484644 1.467
2935 0.01771745646685817 1.4675
2936 0.01177658827603236 1.468
2937 0.00795928906840334 1.4685
2938 0.008273050136093767 1.469
2939 0.01183038772673947 1.4695
2940 0.01674990390507092 1.47
2941 0.02137843615061594 1.4705
2942 0.02514486316502431 1.471
2943 0.02839665938330388 1.4715
2944 0.03125707434480306 1.472
2945 0.03348888024640801 1.4725
2946 0.0343209784601249 1.473
2947 0.03393476060921538 1.4735
2948 0.03265450706531909 1.474
2949 0.03023794272478363 1.4745
2950 0.02619850819368274 1.475
2951 0.02056817513756967 1.4755
2952 0.01441558923891788 1.476
2953 0.009295825913281756 1.4765
2954 0.00759233842058389 1.477
2955 0.009677374094000541 1.4775
2956 0.01416309650678515 1.478
2957 0.01891934719285739 1.4785
2958 0.02316745139768344 1.479
2959 0.02672384429857027 1.4795
2960 0.02982089817477101 1.48
2961 0.03250657948877692 1.4805
2962 0.03408053669591014 1.481
2963 0.03438167829114148 1.4815
2964 0.03377014541782099 1.482
2965 0.03246451855624177 1.4825
2966 0.02992928568401945 1.483
2967 0.02583345882693914 1.4835
2968 0.02020487670001926 1.484
2969 0.01398998522077885 1.4845
2970 0.008869597944481255 1.485
2971 0.007273342044445867 1.4855
2972 0.009550042463030557 1.486
2973 0.01421277468438141 1.4865
2974 0.01908468360722328 1.487
2975 0.0233167241937375 1.4875
2976 0.02678858361186837 1.488
2977 0.02992909001921572 1.4885
2978 0.03272794210394803 1.489
2979 0.03433809902642199 1.4895
2980 0.03462340325428845 1.49
2981 0.03388740817166434 1.4905
2982 0.03229602990812561 1.491
2983 0.02938438307175853 1.4915
2984 0.02483456316208454 1.492
2985 0.0188830447351398 1.4925
2986 0.01279084305928581 1.493
2987 0.008388750199854576 1.4935
2988 0.007955398022318042 1.494
2989 0.01096590846494113 1.4945
2990 0.01576230815957502 1.495
2991 0.02046534534453149 1.4955
2992 0.0243416918619521 1.496
2993 0.02763626664928236 1.4965
2994 0.03051989521763383 1.497
2995 0.03295777466056157 1.4975
2996 0.03405244507355309 1.498
2997 0.03388915696927117 1.4985
2998 0.0327330285165597 1.499
2999 0.03057791059591009 1.4995
3000 0.02686759133614529 1.5
